Component: ARM Compiler 5.05 update 1 (build 106) Tool: armlink [4d0efa]

==============================================================================

Section Cross References

    startup_stm32f030x8.o(RESET) refers to startup_stm32f030x8.o(STACK) for __initial_sp
    startup_stm32f030x8.o(RESET) refers to startup_stm32f030x8.o(.text) for Reset_Handler
    startup_stm32f030x8.o(RESET) refers to stm32f0xx_it.o(i.NMI_Handler) for NMI_Handler
    startup_stm32f030x8.o(RESET) refers to stm32f0xx_it.o(i.HardFault_Handler) for HardFault_Handler
    startup_stm32f030x8.o(RESET) refers to stm32f0xx_it.o(i.SVC_Handler) for SVC_Handler
    startup_stm32f030x8.o(RESET) refers to stm32f0xx_it.o(i.PendSV_Handler) for PendSV_Handler
    startup_stm32f030x8.o(RESET) refers to stm32f0xx_it.o(i.SysTick_Handler) for SysTick_Handler
    startup_stm32f030x8.o(RESET) refers to stm32f0xx_it.o(i.EXTI2_3_IRQHandler) for EXTI2_3_IRQHandler
    startup_stm32f030x8.o(RESET) refers to stm32f0xx_it.o(i.EXTI4_15_IRQHandler) for EXTI4_15_IRQHandler
    startup_stm32f030x8.o(RESET) refers to stm32f0xx_it.o(i.DMA1_Channel1_IRQHandler) for DMA1_Channel1_IRQHandler
    startup_stm32f030x8.o(RESET) refers to stm32f0xx_it.o(i.TIM1_BRK_UP_TRG_COM_IRQHandler) for TIM1_BRK_UP_TRG_COM_IRQHandler
    startup_stm32f030x8.o(.text) refers to system_stm32f0xx.o(i.SystemInit) for SystemInit
    startup_stm32f030x8.o(.text) refers to entry.o(.ARM.Collect$$$$00000000) for __main
    stm32f0xx_hal_rcc.o(i.HAL_RCC_ClockConfig) refers to stm32f0xx_hal.o(i.HAL_GetTick) for HAL_GetTick
    stm32f0xx_hal_rcc.o(i.HAL_RCC_ClockConfig) refers to stm32f0xx_hal_rcc.o(i.HAL_RCC_GetSysClockFreq) for HAL_RCC_GetSysClockFreq
    stm32f0xx_hal_rcc.o(i.HAL_RCC_ClockConfig) refers to stm32f0xx_hal.o(i.HAL_InitTick) for HAL_InitTick
    stm32f0xx_hal_rcc.o(i.HAL_RCC_ClockConfig) refers to system_stm32f0xx.o(.constdata) for AHBPrescTable
    stm32f0xx_hal_rcc.o(i.HAL_RCC_ClockConfig) refers to system_stm32f0xx.o(.data) for SystemCoreClock
    stm32f0xx_hal_rcc.o(i.HAL_RCC_DeInit) refers to system_stm32f0xx.o(.data) for SystemCoreClock
    stm32f0xx_hal_rcc.o(i.HAL_RCC_GetHCLKFreq) refers to system_stm32f0xx.o(.data) for SystemCoreClock
    stm32f0xx_hal_rcc.o(i.HAL_RCC_GetPCLK1Freq) refers to stm32f0xx_hal_rcc.o(i.HAL_RCC_GetHCLKFreq) for HAL_RCC_GetHCLKFreq
    stm32f0xx_hal_rcc.o(i.HAL_RCC_GetPCLK1Freq) refers to system_stm32f0xx.o(.constdata) for APBPrescTable
    stm32f0xx_hal_rcc.o(i.HAL_RCC_GetSysClockFreq) refers to uidiv.o(.text) for __aeabi_uidivmod
    stm32f0xx_hal_rcc.o(i.HAL_RCC_MCOConfig) refers to stm32f0xx_hal_gpio.o(i.HAL_GPIO_Init) for HAL_GPIO_Init
    stm32f0xx_hal_rcc.o(i.HAL_RCC_NMI_IRQHandler) refers to stm32f0xx_hal_rcc.o(i.HAL_RCC_CSSCallback) for HAL_RCC_CSSCallback
    stm32f0xx_hal_rcc.o(i.HAL_RCC_OscConfig) refers to stm32f0xx_hal.o(i.HAL_GetTick) for HAL_GetTick
    stm32f0xx_hal_cortex.o(i.HAL_NVIC_SetPriority) refers to stm32f0xx_hal_cortex.o(i.NVIC_SetPriority) for NVIC_SetPriority
    stm32f0xx_hal_cortex.o(i.HAL_SYSTICK_Callback) refers to main.o(i.Systick_Application) for Systick_Application
    stm32f0xx_hal_cortex.o(i.HAL_SYSTICK_Config) refers to stm32f0xx_hal_cortex.o(i.NVIC_SetPriority) for NVIC_SetPriority
    stm32f0xx_hal_cortex.o(i.HAL_SYSTICK_IRQHandler) refers to stm32f0xx_hal_cortex.o(i.HAL_SYSTICK_Callback) for HAL_SYSTICK_Callback
    stm32f0xx_hal_tim_ex.o(i.HAL_TIMEx_ConfigCommutationEvent_DMA) refers to stm32f0xx_hal_tim_ex.o(i.TIMEx_DMACommutationCplt) for TIMEx_DMACommutationCplt
    stm32f0xx_hal_tim_ex.o(i.HAL_TIMEx_ConfigCommutationEvent_DMA) refers to stm32f0xx_hal_tim.o(i.TIM_DMAError) for TIM_DMAError
    stm32f0xx_hal_tim_ex.o(i.HAL_TIMEx_HallSensor_DeInit) refers to stm32f0xx_hal_tim_ex.o(i.HAL_TIMEx_HallSensor_MspDeInit) for HAL_TIMEx_HallSensor_MspDeInit
    stm32f0xx_hal_tim_ex.o(i.HAL_TIMEx_HallSensor_Init) refers to stm32f0xx_hal_tim_ex.o(i.HAL_TIMEx_HallSensor_MspInit) for HAL_TIMEx_HallSensor_MspInit
    stm32f0xx_hal_tim_ex.o(i.HAL_TIMEx_HallSensor_Init) refers to stm32f0xx_hal_tim.o(i.TIM_Base_SetConfig) for TIM_Base_SetConfig
    stm32f0xx_hal_tim_ex.o(i.HAL_TIMEx_HallSensor_Init) refers to stm32f0xx_hal_tim.o(i.TIM_TI1_SetConfig) for TIM_TI1_SetConfig
    stm32f0xx_hal_tim_ex.o(i.HAL_TIMEx_HallSensor_Init) refers to stm32f0xx_hal_tim.o(i.TIM_OC2_SetConfig) for TIM_OC2_SetConfig
    stm32f0xx_hal_tim_ex.o(i.HAL_TIMEx_HallSensor_Start) refers to stm32f0xx_hal_tim.o(i.TIM_CCxChannelCmd) for TIM_CCxChannelCmd
    stm32f0xx_hal_tim_ex.o(i.HAL_TIMEx_HallSensor_Start_DMA) refers to stm32f0xx_hal_tim.o(i.TIM_CCxChannelCmd) for TIM_CCxChannelCmd
    stm32f0xx_hal_tim_ex.o(i.HAL_TIMEx_HallSensor_Start_DMA) refers to stm32f0xx_hal_dma.o(i.HAL_DMA_Start_IT) for HAL_DMA_Start_IT
    stm32f0xx_hal_tim_ex.o(i.HAL_TIMEx_HallSensor_Start_DMA) refers to stm32f0xx_hal_tim.o(i.TIM_DMACaptureCplt) for TIM_DMACaptureCplt
[...]
    control.o(i.Key_Deal) refers to idiv.o(.text) for __aeabi_idivmod
    control.o(i.Key_Deal) refers to disp_app.o(i.Disp_Clean) for Disp_Clean
    control.o(i.Key_Deal) refers to control.o(.data) for machine_status
    control.o(i.Key_Deal) refers to disp_app.o(.data) for last_temp
    control.o(i.Key_Deal) refers to main.o(.data) for sys_500ms
    control.o(i.Machine_Init) refers to disp_app.o(i.Disp_Clean) for Disp_Clean
    control.o(i.Machine_Init) refers to disp_app.o(i.Disp_Reflesh) for Disp_Reflesh
    control.o(i.Machine_Init) refers to stm32f0xx_hal_gpio.o(i.HAL_GPIO_WritePin) for HAL_GPIO_WritePin
    entry.o(.ARM.Collect$$$$00000000) refers (Special) to entry10a.o(.ARM.Collect$$$$0000000D) for __rt_final_cpp
    entry.o(.ARM.Collect$$$$00000000) refers (Special) to entry11a.o(.ARM.Collect$$$$0000000F) for __rt_final_exit
    entry.o(.ARM.Collect$$$$00000000) refers (Special) to entry7b.o(.ARM.Collect$$$$00000008) for _main_clock
    entry.o(.ARM.Collect$$$$00000000) refers (Special) to entry8b.o(.ARM.Collect$$$$0000000A) for _main_cpp_init
    entry.o(.ARM.Collect$$$$00000000) refers (Special) to entry9a.o(.ARM.Collect$$$$0000000B) for _main_init
    entry.o(.ARM.Collect$$$$00000000) refers (Special) to entry5.o(.ARM.Collect$$$$00000004) for _main_scatterload
    entry.o(.ARM.Collect$$$$00000000) refers (Special) to entry2.o(.ARM.Collect$$$$00000001) for _main_stk
    idiv.o(.text) refers to uidiv.o(.text) for __aeabi_uidivmod
    entry2.o(.ARM.Collect$$$$00000001) refers to entry2.o(.ARM.Collect$$$$00002712) for __lit__00000000
    entry2.o(.ARM.Collect$$$$00002712) refers to startup_stm32f030x8.o(STACK) for __initial_sp
    entry2.o(__vectab_stack_and_reset_area) refers to startup_stm32f030x8.o(STACK) for __initial_sp
    entry2.o(__vectab_stack_and_reset_area) refers to entry.o(.ARM.Collect$$$$00000000) for __main
    entry5.o(.ARM.Collect$$$$00000004) refers to init.o(.text) for __scatterload
    entry9a.o(.ARM.Collect$$$$0000000B) refers to main.o(i.main) for main
    entry9b.o(.ARM.Collect$$$$0000000C) refers to main.o(i.main) for main
    init.o(.text) refers to entry5.o(.ARM.Collect$$$$00000004) for __main_after_scatterload


==============================================================================

Removing Unused input sections from the image.

    Removing startup_stm32f030x8.o(HEAP), (512 bytes).
    Removing stm32f0xx_hal_rcc.o(.rev16_text), (4 bytes).
    Removing stm32f0xx_hal_rcc.o(.revsh_text), (4 bytes).
    Removing stm32f0xx_hal_rcc.o(i.HAL_RCC_CSSCallback), (2 bytes).
    Removing stm32f0xx_hal_rcc.o(i.HAL_RCC_DeInit), (88 bytes).
    Removing stm32f0xx_hal_rcc.o(i.HAL_RCC_DisableCSS), (20 bytes).
    Removing stm32f0xx_hal_rcc.o(i.HAL_RCC_EnableCSS), (20 bytes).
    Removing stm32f0xx_hal_rcc.o(i.HAL_RCC_GetClockConfig), (56 bytes).
    Removing stm32f0xx_hal_rcc.o(i.HAL_RCC_GetOscConfig), (244 bytes).
    Removing stm32f0xx_hal_rcc.o(i.HAL_RCC_GetPCLK1Freq), (36 bytes).
    Removing stm32f0xx_hal_rcc.o(i.HAL_RCC_MCOConfig), (100 bytes).
    Removing stm32f0xx_hal_rcc.o(i.HAL_RCC_NMI_IRQHandler), (32 bytes).
    Removing stm32f0xx_hal_cortex.o(.rev16_text), (4 bytes).
    Removing stm32f0xx_hal_cortex.o(.revsh_text), (4 bytes).
    Removing stm32f0xx_hal_cortex.o(i.HAL_NVIC_ClearPendingIRQ), (24 bytes).
    Removing stm32f0xx_hal_cortex.o(i.HAL_NVIC_DisableIRQ), (24 bytes).
    Removing stm32f0xx_hal_cortex.o(i.HAL_NVIC_GetPendingIRQ), (40 bytes).
    Removing stm32f0xx_hal_cortex.o(i.HAL_NVIC_GetPriority), (72 bytes).
    Removing stm32f0xx_hal_cortex.o(i.HAL_NVIC_SetPendingIRQ), (24 bytes).
    Removing stm32f0xx_hal_cortex.o(i.HAL_NVIC_SystemReset), (56 bytes).
    Removing stm32f0xx_hal_tim_ex.o(.rev16_text), (4 bytes).
    Removing stm32f0xx_hal_tim_ex.o(.revsh_text), (4 bytes).
    Removing stm32f0xx_hal_tim_ex.o(i.HAL_TIMEx_ConfigCommutationEvent), (112 bytes).
    Removing stm32f0xx_hal_tim_ex.o(i.HAL_TIMEx_ConfigCommutationEvent_DMA), (148 bytes).
    Removing stm32f0xx_hal_tim_ex.o(i.HAL_TIMEx_ConfigCommutationEvent_IT), (124 bytes).
    Removing stm32f0xx_hal_tim_ex.o(i.HAL_TIMEx_HallSensor_DeInit), (80 bytes).
    Removing stm32f0xx_hal_tim_ex.o(i.HAL_TIMEx_HallSensor_GetState), (8 bytes).
    Removing stm32f0xx_hal_tim_ex.o(i.HAL_TIMEx_HallSensor_Init), (212 bytes).
    Removing stm32f0xx_hal_tim_ex.o(i.HAL_TIMEx_HallSensor_MspDeInit), (2 bytes).
    Removing stm32f0xx_hal_tim_ex.o(i.HAL_TIMEx_HallSensor_MspInit), (2 bytes).
    Removing stm32f0xx_hal_tim_ex.o(i.HAL_TIMEx_HallSensor_Start), (30 bytes).
    Removing stm32f0xx_hal_tim_ex.o(i.HAL_TIMEx_HallSensor_Start_DMA), (120 bytes).
    Removing stm32f0xx_hal_tim_ex.o(i.HAL_TIMEx_HallSensor_Start_IT), (42 bytes).
    Removing stm32f0xx_hal_tim_ex.o(i.HAL_TIMEx_HallSensor_Stop), (64 bytes).
    Removing stm32f0xx_hal_tim_ex.o(i.HAL_TIMEx_HallSensor_Stop_DMA), (76 bytes).
    Removing stm32f0xx_hal_tim_ex.o(i.HAL_TIMEx_HallSensor_Stop_IT), (76 bytes).
    Removing stm32f0xx_hal_tim_ex.o(i.HAL_TIMEx_OCN_Start), (46 bytes).
    Removing stm32f0xx_hal_tim_ex.o(i.HAL_TIMEx_OCN_Start_DMA), (292 bytes).
    Removing stm32f0xx_hal_tim_ex.o(i.HAL_TIMEx_OCN_Start_IT), (136 bytes).
    Removing stm32f0xx_hal_tim_ex.o(i.HAL_TIMEx_OCN_Stop), (108 bytes).
    Removing stm32f0xx_hal_tim_ex.o(i.HAL_TIMEx_OCN_Stop_DMA), (200 bytes).
    Removing stm32f0xx_hal_tim_ex.o(i.HAL_TIMEx_OCN_Stop_IT), (216 bytes).
    Removing stm32f0xx_hal_tim_ex.o(i.HAL_TIMEx_OnePulseN_Start), (34 bytes).
    Removing stm32f0xx_hal_tim_ex.o(i.HAL_TIMEx_OnePulseN_Start_IT), (58 bytes).
    Removing stm32f0xx_hal_tim_ex.o(i.HAL_TIMEx_OnePulseN_Stop), (108 bytes).
    Removing stm32f0xx_hal_tim_ex.o(i.HAL_TIMEx_OnePulseN_Stop_IT), (132 bytes).
    Removing stm32f0xx_hal_tim_ex.o(i.HAL_TIMEx_PWMN_Start), (46 bytes).
    Removing stm32f0xx_hal_tim_ex.o(i.HAL_TIMEx_PWMN_Start_DMA), (292 bytes).
    Removing stm32f0xx_hal_tim_ex.o(i.HAL_TIMEx_PWMN_Start_IT), (136 bytes).
    Removing stm32f0xx_hal_tim_ex.o(i.HAL_TIMEx_PWMN_Stop), (108 bytes).
    Removing stm32f0xx_hal_tim_ex.o(i.HAL_TIMEx_PWMN_Stop_DMA), (200 bytes).
    Removing stm32f0xx_hal_tim_ex.o(i.HAL_TIMEx_PWMN_Stop_IT), (216 bytes).
    Removing stm32f0xx_hal_tim_ex.o(i.HAL_TIMEx_RemapConfig), (46 bytes).
    Removing stm32f0xx_hal_tim_ex.o(i.TIMEx_DMACommutationCplt), (20 bytes).
    Removing stm32f0xx_hal_tim_ex.o(i.TIM_CCxNChannelCmd), (28 bytes).
    Removing stm32f0xx_hal_pwr_ex.o(.rev16_text), (4 bytes).
    Removing stm32f0xx_hal_pwr_ex.o(.revsh_text), (4 bytes).
    Removing stm32f0xx_hal_i2c.o(.rev16_text), (4 bytes).
    Removing stm32f0xx_hal_i2c.o(.revsh_text), (4 bytes).
    Removing stm32f0xx_hal_i2c.o(i.HAL_I2C_AbortCpltCallback), (2 bytes).
    Removing stm32f0xx_hal_i2c.o(i.HAL_I2C_AddrCallback), (2 bytes).
    Removing stm32f0xx_hal_i2c.o(i.HAL_I2C_DeInit), (66 bytes).
    Removing stm32f0xx_hal_i2c.o(i.HAL_I2C_DisableListen_IT), (60 bytes).
    Removing stm32f0xx_hal_i2c.o(i.HAL_I2C_ER_IRQHandler), (128 bytes).
    Removing stm32f0xx_hal_i2c.o(i.HAL_I2C_EV_IRQHandler), (30 bytes).
    Removing stm32f0xx_hal_i2c.o(i.HAL_I2C_EnableListen_IT), (44 bytes).
    Removing stm32f0xx_hal_i2c.o(i.HAL_I2C_ErrorCallback), (2 bytes).
    Removing stm32f0xx_hal_i2c.o(i.HAL_I2C_GetError), (6 bytes).
    Removing stm32f0xx_hal_i2c.o(i.HAL_I2C_GetMode), (8 bytes).
    Removing stm32f0xx_hal_i2c.o(i.HAL_I2C_GetState), (8 bytes).
    Removing stm32f0xx_hal_i2c.o(i.HAL_I2C_Init), (212 bytes).
    Removing stm32f0xx_hal_i2c.o(i.HAL_I2C_IsDeviceReady), (398 bytes).
    Removing stm32f0xx_hal_i2c.o(i.HAL_I2C_ListenCpltCallback), (2 bytes).
    Removing stm32f0xx_hal_i2c.o(i.HAL_I2C_MasterRxCpltCallback), (2 bytes).
    Removing stm32f0xx_hal_i2c.o(i.HAL_I2C_MasterTxCpltCallback), (2 bytes).
    Removing stm32f0xx_hal_i2c.o(i.HAL_I2C_Master_Abort_IT), (102 bytes).
    Removing stm32f0xx_hal_i2c.o(i.HAL_I2C_Master_Receive), (384 bytes).
    Removing stm32f0xx_hal_i2c.o(i.HAL_I2C_Master_Receive_DMA), (300 bytes).
    Removing stm32f0xx_hal_i2c.o(i.HAL_I2C_Master_Receive_IT), (172 bytes).
    Removing stm32f0xx_hal_i2c.o(i.HAL_I2C_Master_Sequential_Receive_IT), (160 bytes).
    Removing stm32f0xx_hal_i2c.o(i.HAL_I2C_Master_Sequential_Transmit_IT), (160 bytes).
    Removing stm32f0xx_hal_i2c.o(i.HAL_I2C_Master_Transmit), (380 bytes).
    Removing stm32f0xx_hal_i2c.o(i.HAL_I2C_Master_Transmit_DMA), (300 bytes).
    Removing stm32f0xx_hal_i2c.o(i.HAL_I2C_Master_Transmit_IT), (172 bytes).
    Removing stm32f0xx_hal_i2c.o(i.HAL_I2C_MemRxCpltCallback), (2 bytes).
    Removing stm32f0xx_hal_i2c.o(i.HAL_I2C_MemTxCpltCallback), (2 bytes).
    Removing stm32f0xx_hal_i2c.o(i.HAL_I2C_Mem_Read), (452 bytes).
    Removing stm32f0xx_hal_i2c.o(i.HAL_I2C_Mem_Read_DMA), (320 bytes).
    Removing stm32f0xx_hal_i2c.o(i.HAL_I2C_Mem_Read_IT), (256 bytes).
    Removing stm32f0xx_hal_i2c.o(i.HAL_I2C_Mem_Write), (452 bytes).
    Removing stm32f0xx_hal_i2c.o(i.HAL_I2C_Mem_Write_DMA), (320 bytes).
    Removing stm32f0xx_hal_i2c.o(i.HAL_I2C_Mem_Write_IT), (252 bytes).
    Removing stm32f0xx_hal_i2c.o(i.HAL_I2C_MspDeInit), (2 bytes).
    Removing stm32f0xx_hal_i2c.o(i.HAL_I2C_MspInit), (2 bytes).
    Removing stm32f0xx_hal_i2c.o(i.HAL_I2C_SlaveRxCpltCallback), (2 bytes).
    Removing stm32f0xx_hal_i2c.o(i.HAL_I2C_SlaveTxCpltCallback), (2 bytes).
    Removing stm32f0xx_hal_i2c.o(i.HAL_I2C_Slave_Receive), (406 bytes).
    Removing stm32f0xx_hal_i2c.o(i.HAL_I2C_Slave_Receive_DMA), (192 bytes).
    Removing stm32f0xx_hal_i2c.o(i.HAL_I2C_Slave_Receive_IT), (116 bytes).
    Removing stm32f0xx_hal_i2c.o(i.HAL_I2C_Slave_Sequential_Receive_IT), (172 bytes).
    Removing stm32f0xx_hal_i2c.o(i.HAL_I2C_Slave_Sequential_Transmit_IT), (176 bytes).
    Removing stm32f0xx_hal_i2c.o(i.HAL_I2C_Slave_Transmit), (422 bytes).
    Removing stm32f0xx_hal_i2c.o(i.HAL_I2C_Slave_Transmit_DMA), (192 bytes).
    Removing stm32f0xx_hal_i2c.o(i.HAL_I2C_Slave_Transmit_IT), (116 bytes).
    Removing stm32f0xx_hal_i2c.o(i.I2C_DMAAbort), (60 bytes).
    Removing stm32f0xx_hal_i2c.o(i.I2C_DMAError), (30 bytes).
    Removing stm32f0xx_hal_i2c.o(i.I2C_DMAMasterReceiveCplt), (86 bytes).
    Removing stm32f0xx_hal_i2c.o(i.I2C_DMAMasterTransmitCplt), (86 bytes).
    Removing stm32f0xx_hal_i2c.o(i.I2C_DMASlaveReceiveCplt), (2 bytes).
    Removing stm32f0xx_hal_i2c.o(i.I2C_DMASlaveTransmitCplt), (2 bytes).
    Removing stm32f0xx_hal_i2c.o(i.I2C_Disable_IRQ), (126 bytes).
    Removing stm32f0xx_hal_i2c.o(i.I2C_Enable_IRQ), (144 bytes).
    Removing stm32f0xx_hal_i2c.o(i.I2C_Flush_TXDR), (50 bytes).
    Removing stm32f0xx_hal_i2c.o(i.I2C_ITAddrCplt), (214 bytes).
    Removing stm32f0xx_hal_i2c.o(i.I2C_ITError), (280 bytes).
    Removing stm32f0xx_hal_i2c.o(i.I2C_ITListenCplt), (116 bytes).
    Removing stm32f0xx_hal_i2c.o(i.I2C_ITMasterCplt), (236 bytes).
    Removing stm32f0xx_hal_i2c.o(i.I2C_ITMasterSequentialCplt), (98 bytes).
    Removing stm32f0xx_hal_i2c.o(i.I2C_ITSlaveCplt), (316 bytes).
    Removing stm32f0xx_hal_i2c.o(i.I2C_ITSlaveSequentialCplt), (98 bytes).
    Removing stm32f0xx_hal_i2c.o(i.I2C_IsAcknowledgeFailed), (148 bytes).
    Removing stm32f0xx_hal_i2c.o(i.I2C_Master_ISR_DMA), (266 bytes).
    Removing stm32f0xx_hal_i2c.o(i.I2C_Master_ISR_IT), (428 bytes).
    Removing stm32f0xx_hal_i2c.o(i.I2C_RequestMemoryRead), (146 bytes).
    Removing stm32f0xx_hal_i2c.o(i.I2C_RequestMemoryWrite), (146 bytes).
    Removing stm32f0xx_hal_i2c.o(i.I2C_Slave_ISR_DMA), (158 bytes).
    Removing stm32f0xx_hal_i2c.o(i.I2C_Slave_ISR_IT), (352 bytes).
    Removing stm32f0xx_hal_i2c.o(i.I2C_TransferConfig), (48 bytes).
    Removing stm32f0xx_hal_i2c.o(i.I2C_WaitOnFlagUntilTimeout), (82 bytes).
    Removing stm32f0xx_hal_i2c.o(i.I2C_WaitOnRXNEFlagUntilTimeout), (152 bytes).
    Removing stm32f0xx_hal_i2c.o(i.I2C_WaitOnSTOPFlagUntilTimeout), (90 bytes).
    Removing stm32f0xx_hal_i2c.o(i.I2C_WaitOnTXISFlagUntilTimeout), (96 bytes).
    Removing stm32f0xx_hal_tim.o(.rev16_text), (4 bytes).
    Removing stm32f0xx_hal_tim.o(.revsh_text), (4 bytes).
    Removing stm32f0xx_hal_tim.o(i.HAL_TIM_Base_DeInit), (80 bytes).
    Removing stm32f0xx_hal_tim.o(i.HAL_TIM_Base_GetState), (8 bytes).
    Removing stm32f0xx_hal_tim.o(i.HAL_TIM_Base_Init), (56 bytes).
    Removing stm32f0xx_hal_tim.o(i.HAL_TIM_Base_MspDeInit), (2 bytes).
    Removing stm32f0xx_hal_tim.o(i.HAL_TIM_Base_MspInit), (2 bytes).
    Removing stm32f0xx_hal_tim.o(i.HAL_TIM_Base_Start), (30 bytes).
    Removing stm32f0xx_hal_tim.o(i.HAL_TIM_Base_Start_DMA), (108 bytes).
    Removing stm32f0xx_hal_tim.o(i.HAL_TIM_Base_Start_IT), (30 bytes).
    Removing stm32f0xx_hal_tim.o(i.HAL_TIM_Base_Stop), (64 bytes).
    Removing stm32f0xx_hal_tim.o(i.HAL_TIM_Base_Stop_DMA), (72 bytes).
    Removing stm32f0xx_hal_tim.o(i.HAL_TIM_Base_Stop_IT), (64 bytes).
    Removing stm32f0xx_hal_tim.o(i.HAL_TIM_ConfigClockSource), (318 bytes).
    Removing stm32f0xx_hal_tim.o(i.HAL_TIM_ConfigOCrefClear), (296 bytes).
    Removing stm32f0xx_hal_tim.o(i.HAL_TIM_ConfigTI1Input), (34 bytes).
    Removing stm32f0xx_hal_tim.o(i.HAL_TIM_DMABurst_MultiReadStart), (380 bytes).
    Removing stm32f0xx_hal_tim.o(i.HAL_TIM_DMABurst_MultiWriteStart), (380 bytes).
    Removing stm32f0xx_hal_tim.o(i.HAL_TIM_DMABurst_ReadStart), (36 bytes).
    Removing stm32f0xx_hal_tim.o(i.HAL_TIM_DMABurst_ReadStop), (146 bytes).
    Removing stm32f0xx_hal_tim.o(i.HAL_TIM_DMABurst_WriteStart), (36 bytes).
    Removing stm32f0xx_hal_tim.o(i.HAL_TIM_DMABurst_WriteStop), (146 bytes).
    Removing stm32f0xx_hal_tim.o(i.HAL_TIM_Encoder_DeInit), (80 bytes).
    Removing stm32f0xx_hal_tim.o(i.HAL_TIM_Encoder_GetState), (8 bytes).
    Removing stm32f0xx_hal_tim.o(i.HAL_TIM_Encoder_Init), (196 bytes).
    Removing stm32f0xx_hal_tim.o(i.HAL_TIM_Encoder_MspDeInit), (2 bytes).
    Removing stm32f0xx_hal_tim.o(i.HAL_TIM_Encoder_MspInit), (2 bytes).
    Removing stm32f0xx_hal_tim.o(i.HAL_TIM_Encoder_Start), (80 bytes).
    Removing stm32f0xx_hal_tim.o(i.HAL_TIM_Encoder_Start_DMA), (336 bytes).
    Removing stm32f0xx_hal_tim.o(i.HAL_TIM_Encoder_Start_IT), (128 bytes).
    Removing stm32f0xx_hal_tim.o(i.HAL_TIM_Encoder_Stop), (112 bytes).
    Removing stm32f0xx_hal_tim.o(i.HAL_TIM_Encoder_Stop_DMA), (168 bytes).
    Removing stm32f0xx_hal_tim.o(i.HAL_TIM_Encoder_Stop_IT), (160 bytes).
    Removing stm32f0xx_hal_tim.o(i.HAL_TIM_ErrorCallback), (2 bytes).
    Removing stm32f0xx_hal_tim.o(i.HAL_TIM_GenerateEvent), (54 bytes).
    Removing stm32f0xx_hal_tim.o(i.HAL_TIM_IC_DeInit), (80 bytes).
    Removing stm32f0xx_hal_tim.o(i.HAL_TIM_IC_GetState), (8 bytes).
    Removing stm32f0xx_hal_tim.o(i.HAL_TIM_IC_MspDeInit), (2 bytes).
    Removing stm32f0xx_hal_tim.o(i.HAL_TIM_IC_MspInit), (2 bytes).
    Removing stm32f0xx_hal_tim.o(i.HAL_TIM_IC_Start), (32 bytes).
    Removing stm32f0xx_hal_tim.o(i.HAL_TIM_IC_Start_DMA), (276 bytes).
    Removing stm32f0xx_hal_tim.o(i.HAL_TIM_IC_Start_IT), (110 bytes).
    Removing stm32f0xx_hal_tim.o(i.HAL_TIM_IC_Stop), (64 bytes).
    Removing stm32f0xx_hal_tim.o(i.HAL_TIM_IC_Stop_DMA), (156 bytes).
    Removing stm32f0xx_hal_tim.o(i.HAL_TIM_IC_Stop_IT), (144 bytes).
    Removing stm32f0xx_hal_tim.o(i.HAL_TIM_OC_ConfigChannel), (118 bytes).
    Removing stm32f0xx_hal_tim.o(i.HAL_TIM_OC_DeInit), (80 bytes).
    Removing stm32f0xx_hal_tim.o(i.HAL_TIM_OC_GetState), (8 bytes).
    Removing stm32f0xx_hal_tim.o(i.HAL_TIM_OC_Init), (56 bytes).
    Removing stm32f0xx_hal_tim.o(i.HAL_TIM_OC_MspDeInit), (2 bytes).
    Removing stm32f0xx_hal_tim.o(i.HAL_TIM_OC_MspInit), (2 bytes).
    Removing stm32f0xx_hal_tim.o(i.HAL_TIM_OC_Start), (104 bytes).
    Removing stm32f0xx_hal_tim.o(i.HAL_TIM_OC_Start_DMA), (348 bytes).
    Removing stm32f0xx_hal_tim.o(i.HAL_TIM_OC_Start_IT), (184 bytes).
    Removing stm32f0xx_hal_tim.o(i.HAL_TIM_OC_Stop), (164 bytes).
    Removing stm32f0xx_hal_tim.o(i.HAL_TIM_OC_Stop_DMA), (256 bytes).
    Removing stm32f0xx_hal_tim.o(i.HAL_TIM_OC_Stop_IT), (244 bytes).
    Removing stm32f0xx_hal_tim.o(i.HAL_TIM_OnePulse_ConfigChannel), (298 bytes).
    Removing stm32f0xx_hal_tim.o(i.HAL_TIM_OnePulse_DeInit), (80 bytes).
    Removing stm32f0xx_hal_tim.o(i.HAL_TIM_OnePulse_GetState), (8 bytes).
    Removing stm32f0xx_hal_tim.o(i.HAL_TIM_OnePulse_Init), (80 bytes).
    Removing stm32f0xx_hal_tim.o(i.HAL_TIM_OnePulse_MspDeInit), (2 bytes).
    Removing stm32f0xx_hal_tim.o(i.HAL_TIM_OnePulse_MspInit), (2 bytes).
    Removing stm32f0xx_hal_tim.o(i.HAL_TIM_OnePulse_Start), (104 bytes).
    Removing stm32f0xx_hal_tim.o(i.HAL_TIM_OnePulse_Start_IT), (128 bytes).
    Removing stm32f0xx_hal_tim.o(i.HAL_TIM_OnePulse_Stop), (176 bytes).
    Removing stm32f0xx_hal_tim.o(i.HAL_TIM_OnePulse_Stop_IT), (200 bytes).
    Removing stm32f0xx_hal_tim.o(i.HAL_TIM_PWM_DeInit), (80 bytes).
    Removing stm32f0xx_hal_tim.o(i.HAL_TIM_PWM_GetState), (8 bytes).
    Removing stm32f0xx_hal_tim.o(i.HAL_TIM_PWM_MspDeInit), (2 bytes).
    Removing stm32f0xx_hal_tim.o(i.HAL_TIM_PWM_MspInit), (2 bytes).
    Removing stm32f0xx_hal_tim.o(i.HAL_TIM_PWM_Start_DMA), (348 bytes).
    Removing stm32f0xx_hal_tim.o(i.HAL_TIM_PWM_Start_IT), (184 bytes).
    Removing stm32f0xx_hal_tim.o(i.HAL_TIM_PWM_Stop), (172 bytes).
    Removing stm32f0xx_hal_tim.o(i.HAL_TIM_PWM_Stop_DMA), (256 bytes).
    Removing stm32f0xx_hal_tim.o(i.HAL_TIM_PWM_Stop_IT), (244 bytes).
    Removing stm32f0xx_hal_tim.o(i.HAL_TIM_ReadCapturedValue), (88 bytes).
    Removing stm32f0xx_hal_tim.o(i.HAL_TIM_SlaveConfigSynchronization), (88 bytes).
    Removing stm32f0xx_hal_tim.o(i.HAL_TIM_SlaveConfigSynchronization_IT), (88 bytes).
    Removing stm32f0xx_hal_tim.o(i.TIM_DMACaptureCplt), (70 bytes).
    Removing stm32f0xx_hal_tim.o(i.TIM_DMADelayPulseCplt), (70 bytes).
    Removing stm32f0xx_hal_tim.o(i.TIM_DMAError), (20 bytes).
    Removing stm32f0xx_hal_tim.o(i.TIM_DMAPeriodElapsedCplt), (20 bytes).
    Removing stm32f0xx_hal_tim.o(i.TIM_DMATriggerCplt), (20 bytes).
    Removing stm32f0xx_hal_tim.o(i.TIM_ETR_SetConfig), (30 bytes).
    Removing stm32f0xx_hal_tim.o(i.TIM_ITRx_SetConfig), (26 bytes).
    Removing stm32f0xx_hal_tim.o(i.TIM_SlaveTimer_SetConfig), (172 bytes).
    Removing stm32f0xx_hal_tim.o(i.TIM_TI1_ConfigInputStage), (54 bytes).
    Removing stm32f0xx_hal_tim.o(i.TIM_TI2_ConfigInputStage), (54 bytes).
    Removing stm32f0xx_hal_pwr.o(.rev16_text), (4 bytes).
    Removing stm32f0xx_hal_pwr.o(.revsh_text), (4 bytes).
    Removing stm32f0xx_hal_pwr.o(i.HAL_PWR_DeInit), (32 bytes).
    Removing stm32f0xx_hal_pwr.o(i.HAL_PWR_DisableBkUpAccess), (20 bytes).
    Removing stm32f0xx_hal_pwr.o(i.HAL_PWR_DisableSEVOnPend), (20 bytes).
    Removing stm32f0xx_hal_pwr.o(i.HAL_PWR_DisableSleepOnExit), (20 bytes).
    Removing stm32f0xx_hal_pwr.o(i.HAL_PWR_DisableWakeUpPin), (16 bytes).
    Removing stm32f0xx_hal_pwr.o(i.HAL_PWR_EnableBkUpAccess), (20 bytes).
    Removing stm32f0xx_hal_pwr.o(i.HAL_PWR_EnableSEVOnPend), (20 bytes).
    Removing stm32f0xx_hal_pwr.o(i.HAL_PWR_EnableSleepOnExit), (20 bytes).
    Removing stm32f0xx_hal_pwr.o(i.HAL_PWR_EnableWakeUpPin), (16 bytes).
    Removing stm32f0xx_hal_pwr.o(i.HAL_PWR_EnterSLEEPMode), (32 bytes).
    Removing stm32f0xx_hal_pwr.o(i.HAL_PWR_EnterSTANDBYMode), (40 bytes).
    Removing stm32f0xx_hal_pwr.o(i.HAL_PWR_EnterSTOPMode), (72 bytes).
    Removing stm32f0xx_hal_flash.o(.rev16_text), (4 bytes).
    Removing stm32f0xx_hal_flash.o(.revsh_text), (4 bytes).
    Removing stm32f0xx_hal_flash.o(i.FLASH_Program_HalfWord), (32 bytes).
    Removing stm32f0xx_hal_flash.o(i.FLASH_SetErrorCode), (72 bytes).
    Removing stm32f0xx_hal_flash.o(i.FLASH_WaitForLastOperation), (104 bytes).
    Removing stm32f0xx_hal_flash.o(i.HAL_FLASH_EndOfOperationCallback), (2 bytes).
    Removing stm32f0xx_hal_flash.o(i.HAL_FLASH_GetError), (12 bytes).
    Removing stm32f0xx_hal_flash.o(i.HAL_FLASH_IRQHandler), (396 bytes).
    Removing stm32f0xx_hal_flash.o(i.HAL_FLASH_Lock), (20 bytes).
    Removing stm32f0xx_hal_flash.o(i.HAL_FLASH_OB_Launch), (32 bytes).
    Removing stm32f0xx_hal_flash.o(i.HAL_FLASH_OB_Lock), (24 bytes).
    Removing stm32f0xx_hal_flash.o(i.HAL_FLASH_OB_Unlock), (48 bytes).
    Removing stm32f0xx_hal_flash.o(i.HAL_FLASH_OperationErrorCallback), (2 bytes).
    Removing stm32f0xx_hal_flash.o(i.HAL_FLASH_Program), (188 bytes).
    Removing stm32f0xx_hal_flash.o(i.HAL_FLASH_Program_IT), (120 bytes).
    Removing stm32f0xx_hal_flash.o(i.HAL_FLASH_Unlock), (44 bytes).
    Removing stm32f0xx_hal_flash.o(.bss), (32 bytes).
    Removing stm32f0xx_hal_dma.o(.rev16_text), (4 bytes).
    Removing stm32f0xx_hal_dma.o(.revsh_text), (4 bytes).
    Removing stm32f0xx_hal_dma.o(i.HAL_DMA_Abort), (56 bytes).
    Removing stm32f0xx_hal_dma.o(i.HAL_DMA_Abort_IT), (88 bytes).
    Removing stm32f0xx_hal_dma.o(i.HAL_DMA_DeInit), (80 bytes).
    Removing stm32f0xx_hal_dma.o(i.HAL_DMA_GetError), (6 bytes).
    Removing stm32f0xx_hal_dma.o(i.HAL_DMA_GetState), (8 bytes).
    Removing stm32f0xx_hal_dma.o(i.HAL_DMA_PollForTransfer), (236 bytes).
    Removing stm32f0xx_hal_dma.o(i.HAL_DMA_RegisterCallback), (92 bytes).
    Removing stm32f0xx_hal_dma.o(i.HAL_DMA_Start), (110 bytes).
    Removing stm32f0xx_hal_dma.o(i.HAL_DMA_UnRegisterCallback), (108 bytes).
    Removing stm32f0xx_hal.o(.rev16_text), (4 bytes).
    Removing stm32f0xx_hal.o(.revsh_text), (4 bytes).
    Removing stm32f0xx_hal.o(i.HAL_DBGMCU_DisableDBGStandbyMode), (20 bytes).
    Removing stm32f0xx_hal.o(i.HAL_DBGMCU_DisableDBGStopMode), (20 bytes).
    Removing stm32f0xx_hal.o(i.HAL_DBGMCU_EnableDBGStandbyMode), (20 bytes).
    Removing stm32f0xx_hal.o(i.HAL_DBGMCU_EnableDBGStopMode), (20 bytes).
    Removing stm32f0xx_hal.o(i.HAL_DeInit), (44 bytes).
    Removing stm32f0xx_hal.o(i.HAL_GetDEVID), (16 bytes).
    Removing stm32f0xx_hal.o(i.HAL_GetHalVersion), (8 bytes).
    Removing stm32f0xx_hal.o(i.HAL_GetREVID), (12 bytes).
    Removing stm32f0xx_hal.o(i.HAL_GetUIDw0), (12 bytes).
    Removing stm32f0xx_hal.o(i.HAL_GetUIDw1), (12 bytes).
    Removing stm32f0xx_hal.o(i.HAL_GetUIDw2), (12 bytes).
    Removing stm32f0xx_hal.o(i.HAL_MspDeInit), (2 bytes).
    Removing stm32f0xx_hal.o(i.HAL_MspInit), (2 bytes).
    Removing stm32f0xx_hal.o(i.HAL_ResumeTick), (20 bytes).
    Removing stm32f0xx_hal.o(i.HAL_SuspendTick), (20 bytes).
    Removing stm32f0xx_hal_i2c_ex.o(.rev16_text), (4 bytes).
    Removing stm32f0xx_hal_i2c_ex.o(.revsh_text), (4 bytes).
    Removing stm32f0xx_hal_i2c_ex.o(i.HAL_I2CEx_ConfigAnalogFilter), (110 bytes).
    Removing stm32f0xx_hal_i2c_ex.o(i.HAL_I2CEx_ConfigDigitalFilter), (114 bytes).
    Removing stm32f0xx_hal_i2c_ex.o(i.HAL_I2CEx_DisableFastModePlus), (52 bytes).
    Removing stm32f0xx_hal_i2c_ex.o(i.HAL_I2CEx_EnableFastModePlus), (52 bytes).
    Removing stm32f0xx_hal_gpio.o(.rev16_text), (4 bytes).
    Removing stm32f0xx_hal_gpio.o(.revsh_text), (4 bytes).
    Removing stm32f0xx_hal_gpio.o(i.HAL_GPIO_DeInit), (268 bytes).
    Removing stm32f0xx_hal_gpio.o(i.HAL_GPIO_LockPin), (50 bytes).
    Removing stm32f0xx_hal_gpio.o(i.HAL_GPIO_TogglePin), (8 bytes).
    Removing stm32f0xx_hal_flash_ex.o(.rev16_text), (4 bytes).
    Removing stm32f0xx_hal_flash_ex.o(.revsh_text), (4 bytes).
    Removing stm32f0xx_hal_flash_ex.o(i.FLASH_MassErase), (40 bytes).
    Removing stm32f0xx_hal_flash_ex.o(i.FLASH_OB_DisableWRP), (148 bytes).
    Removing stm32f0xx_hal_flash_ex.o(i.FLASH_OB_EnableWRP), (152 bytes).
    Removing stm32f0xx_hal_flash_ex.o(i.FLASH_OB_GetRDP), (36 bytes).
    Removing stm32f0xx_hal_flash_ex.o(i.FLASH_OB_GetUser), (20 bytes).
    Removing stm32f0xx_hal_flash_ex.o(i.FLASH_OB_GetWRP), (12 bytes).
    Removing stm32f0xx_hal_flash_ex.o(i.FLASH_OB_ProgramData), (76 bytes).
    Removing stm32f0xx_hal_flash_ex.o(i.FLASH_OB_RDP_LevelConfig), (128 bytes).
    Removing stm32f0xx_hal_flash_ex.o(i.FLASH_OB_UserConfig), (84 bytes).
    Removing stm32f0xx_hal_flash_ex.o(i.FLASH_PageErase), (44 bytes).
    Removing stm32f0xx_hal_flash_ex.o(i.HAL_FLASHEx_Erase), (172 bytes).
    Removing stm32f0xx_hal_flash_ex.o(i.HAL_FLASHEx_Erase_IT), (104 bytes).
    Removing stm32f0xx_hal_flash_ex.o(i.HAL_FLASHEx_OBErase), (100 bytes).
    Removing stm32f0xx_hal_flash_ex.o(i.HAL_FLASHEx_OBGetConfig), (28 bytes).
    Removing stm32f0xx_hal_flash_ex.o(i.HAL_FLASHEx_OBGetUserData), (40 bytes).
    Removing stm32f0xx_hal_flash_ex.o(i.HAL_FLASHEx_OBProgram), (208 bytes).
    Removing stm32f0xx_hal_rcc_ex.o(.rev16_text), (4 bytes).
    Removing stm32f0xx_hal_rcc_ex.o(.revsh_text), (4 bytes).
    Removing stm32f0xx_hal_rcc_ex.o(i.HAL_RCCEx_GetPeriphCLKConfig), (48 bytes).
    Removing stm32f0xx_hal_rcc_ex.o(i.HAL_RCCEx_GetPeriphCLKFreq), (248 bytes).
    Removing stm32f0xx_hal_rcc_ex.o(i.HAL_RCCEx_PeriphCLKConfig), (336 bytes).
    Removing stm32f0xx_hal_adc_ex.o(.rev16_text), (4 bytes).
    Removing stm32f0xx_hal_adc_ex.o(.revsh_text), (4 bytes).
    Removing stm32f0xx_hal_adc_ex.o(i.HAL_ADCEx_Calibration_Start), (228 bytes).
    Removing stm32f0xx_hal_adc.o(.rev16_text), (4 bytes).
    Removing stm32f0xx_hal_adc.o(.revsh_text), (4 bytes).
    Removing stm32f0xx_hal_adc.o(i.ADC_ConversionStop), (108 bytes).
    Removing stm32f0xx_hal_adc.o(i.ADC_Disable), (170 bytes).
    Removing stm32f0xx_hal_adc.o(i.HAL_ADC_AnalogWDGConfig), (212 bytes).
    Removing stm32f0xx_hal_adc.o(i.HAL_ADC_DeInit), (184 bytes).
    Removing stm32f0xx_hal_adc.o(i.HAL_ADC_GetError), (6 bytes).
    Removing stm32f0xx_hal_adc.o(i.HAL_ADC_GetState), (6 bytes).
    Removing stm32f0xx_hal_adc.o(i.HAL_ADC_GetValue), (8 bytes).
    Removing stm32f0xx_hal_adc.o(i.HAL_ADC_IRQHandler), (278 bytes).
    Removing stm32f0xx_hal_adc.o(i.HAL_ADC_LevelOutOfWindowCallback), (2 bytes).
    Removing stm32f0xx_hal_adc.o(i.HAL_ADC_MspDeInit), (2 bytes).
    Removing stm32f0xx_hal_adc.o(i.HAL_ADC_MspInit), (2 bytes).
    Removing stm32f0xx_hal_adc.o(i.HAL_ADC_PollForConversion), (228 bytes).
    Removing stm32f0xx_hal_adc.o(i.HAL_ADC_PollForEvent), (138 bytes).
    Removing stm32f0xx_hal_adc.o(i.HAL_ADC_Start), (120 bytes).
    Removing stm32f0xx_hal_adc.o(i.HAL_ADC_Start_IT), (168 bytes).
    Removing stm32f0xx_hal_adc.o(i.HAL_ADC_Stop), (80 bytes).
    Removing stm32f0xx_hal_adc.o(i.HAL_ADC_Stop_DMA), (136 bytes).
    Removing stm32f0xx_hal_adc.o(i.HAL_ADC_Stop_IT), (92 bytes).
    Removing system_stm32f0xx.o(.rev16_text), (4 bytes).
    Removing system_stm32f0xx.o(.revsh_text), (4 bytes).
    Removing system_stm32f0xx.o(i.SystemCoreClockUpdate), (176 bytes).
    Removing main.o(.rev16_text), (4 bytes).
    Removing main.o(.revsh_text), (4 bytes).
    Removing main.o(i.TIM1_Pulse_Adjust), (88 bytes).
    Removing main.o(i.TIM3_Pulse_Adjust), (92 bytes).
    Removing stm32f0xx_it.o(.rev16_text), (4 bytes).
    Removing stm32f0xx_it.o(.revsh_text), (4 bytes).
    Removing stm32f0xx_hal_msp.o(.rev16_text), (4 bytes).
    Removing stm32f0xx_hal_msp.o(.revsh_text), (4 bytes).
    Removing stm32f0xx_hal_msp.o(i.HAL_ADC_MspDeInit), (52 bytes).
    Removing stm32f0xx_hal_msp.o(i.HAL_TIM_IC_MspDeInit), (56 bytes).
    Removing stm32f0xx_hal_msp.o(i.HAL_TIM_PWM_MspDeInit), (40 bytes).
    Removing ht1602b.o(.rev16_text), (4 bytes).
    Removing ht1602b.o(.revsh_text), (4 bytes).
    Removing ht1602b.o(.bss), (16 bytes).
    Removing ntc.o(.rev16_text), (4 bytes).
    Removing ntc.o(.revsh_text), (4 bytes).
    Removing ntc.o(i.ADC_to_Voltage), (60 bytes).
    Removing key.o(.rev16_text), (4 bytes).
    Removing key.o(.revsh_text), (4 bytes).
    Removing disp_app.o(.rev16_text), (4 bytes).
    Removing disp_app.o(.revsh_text), (4 bytes).
    Removing disp_app.o(i.disp_Num_Temp), (112 bytes).
    Removing disp_app.o(i.disp_clr_Num_Tm), (112 bytes).
    Removing disp_app.o(i.disp_col), (14 bytes).
    Removing disp_app.o(i.disp_test), (56 bytes).
    Removing control.o(.rev16_text), (4 bytes).
    Removing control.o(.revsh_text), (4 bytes).
    Removing control.o(i.Tempereture_Control), (2 bytes).

368 unused section(s) (total 33514 bytes) removed from the image.

==============================================================================

Image Symbol Table

    Local Symbols

    Symbol Name                              Value     Ov Type        Size  Object(Section)

    ..//Src/system_stm32f0xx.c               0x00000000   Number         0  system_stm32f0xx.o ABSOLUTE
    ../Drivers/STM32F0xx_HAL_Driver/Src/stm32f0xx_hal.c 0x00000000   Number         0  stm32f0xx_hal.o ABSOLUTE
    ../Drivers/STM32F0xx_HAL_Driver/Src/stm32f0xx_hal_adc.c 0x00000000   Number         0  stm32f0xx_hal_adc.o ABSOLUTE
    ../Drivers/STM32F0xx_HAL_Driver/Src/stm32f0xx_hal_adc_ex.c 0x00000000   Number         0  stm32f0xx_hal_adc_ex.o ABSOLUTE
    ../Drivers/STM32F0xx_HAL_Driver/Src/stm32f0xx_hal_cortex.c 0x00000000   Number         0  stm32f0xx_hal_cortex.o ABSOLUTE
    ../Drivers/STM32F0xx_HAL_Driver/Src/stm32f0xx_hal_dma.c 0x00000000   Number         0  stm32f0xx_hal_dma.o ABSOLUTE
    ../Drivers/STM32F0xx_HAL_Driver/Src/stm32f0xx_hal_flash.c 0x00000000   Number         0  stm32f0xx_hal_flash.o ABSOLUTE
    ../Drivers/STM32F0xx_HAL_Driver/Src/stm32f0xx_hal_flash_ex.c 0x00000000   Number         0  stm32f0xx_hal_flash_ex.o ABSOLUTE
    ../Drivers/STM32F0xx_HAL_Driver/Src/stm32f0xx_hal_gpio.c 0x00000000   Number         0  stm32f0xx_hal_gpio.o ABSOLUTE
    ../Drivers/STM32F0xx_HAL_Driver/Src/stm32f0xx_hal_i2c.c 0x00000000   Number         0  stm32f0xx_hal_i2c.o ABSOLUTE
    ../Drivers/STM32F0xx_HAL_Driver/Src/stm32f0xx_hal_i2c_ex.c 0x00000000   Number         0  stm32f0xx_hal_i2c_ex.o ABSOLUTE
    ../Drivers/STM32F0xx_HAL_Driver/Src/stm32f0xx_hal_pwr.c 0x00000000   Number         0  stm32f0xx_hal_pwr.o ABSOLUTE
    ../Drivers/STM32F0xx_HAL_Driver/Src/stm32f0xx_hal_pwr_ex.c 0x00000000   Number         0  stm32f0xx_hal_pwr_ex.o ABSOLUTE
    ../Drivers/STM32F0xx_HAL_Driver/Src/stm32f0xx_hal_rcc.c 0x00000000   Number         0  stm32f0xx_hal_rcc.o ABSOLUTE
    ../Drivers/STM32F0xx_HAL_Driver/Src/stm32f0xx_hal_rcc_ex.c 0x00000000   Number         0  stm32f0xx_hal_rcc_ex.o ABSOLUTE
    ../Drivers/STM32F0xx_HAL_Driver/Src/stm32f0xx_hal_tim.c 0x00000000   Number         0  stm32f0xx_hal_tim.o ABSOLUTE
    ../Drivers/STM32F0xx_HAL_Driver/Src/stm32f0xx_hal_tim_ex.c 0x00000000   Number         0  stm32f0xx_hal_tim_ex.o ABSOLUTE
    ../Src/main.c                            0x00000000   Number         0  main.o ABSOLUTE
    ../Src/stm32f0xx_hal_msp.c               0x00000000   Number         0  stm32f0xx_hal_msp.o ABSOLUTE
    ../Src/stm32f0xx_it.c                    0x00000000   Number         0  stm32f0xx_it.o ABSOLUTE
    ../clib/../cmprslib/zerorunl2.c          0x00000000   Number         0  __dczerorl2.o ABSOLUTE
    ../clib/microlib/division.c              0x00000000   Number         0  idiv.o ABSOLUTE
    ../clib/microlib/division.c              0x00000000   Number         0  uidiv.o ABSOLUTE
    ../clib/microlib/init/entry.s            0x00000000   Number         0  entry.o ABSOLUTE
    ../clib/microlib/init/entry.s            0x00000000   Number         0  entry7a.o ABSOLUTE
    ../clib/microlib/init/entry.s            0x00000000   Number         0  entry7b.o ABSOLUTE
    ../clib/microlib/init/entry.s            0x00000000   Number         0  entry8a.o ABSOLUTE
    ../clib/microlib/init/entry.s            0x00000000   Number         0  entry8b.o ABSOLUTE
    ../clib/microlib/init/entry.s            0x00000000   Number         0  entry2.o ABSOLUTE
    ../clib/microlib/init/entry.s            0x00000000   Number         0  entry5.o ABSOLUTE
    ../clib/microlib/init/entry.s            0x00000000   Number         0  entry11a.o ABSOLUTE
    ../clib/microlib/init/entry.s            0x00000000   Number         0  entry9a.o ABSOLUTE
    ../clib/microlib/init/entry.s            0x00000000   Number         0  entry9b.o ABSOLUTE
    ../clib/microlib/init/entry.s            0x00000000   Number         0  entry10a.o ABSOLUTE
    ../clib/microlib/init/entry.s            0x00000000   Number         0  entry10b.o ABSOLUTE
    ../clib/microlib/init/entry.s            0x00000000   Number         0  entry11b.o ABSOLUTE
    ../clib/microlib/longlong.c              0x00000000   Number         0  llushr.o ABSOLUTE
    ..\Drivers\STM32F0xx_HAL_Driver\Src\stm32f0xx_hal.c 0x00000000   Number         0  stm32f0xx_hal.o ABSOLUTE
    ..\Drivers\STM32F0xx_HAL_Driver\Src\stm32f0xx_hal_adc.c 0x00000000   Number         0  stm32f0xx_hal_adc.o ABSOLUTE
    ..\Drivers\STM32F0xx_HAL_Driver\Src\stm32f0xx_hal_adc_ex.c 0x00000000   Number         0  stm32f0xx_hal_adc_ex.o ABSOLUTE
    ..\Drivers\STM32F0xx_HAL_Driver\Src\stm32f0xx_hal_cortex.c 0x00000000   Number         0  stm32f0xx_hal_cortex.o ABSOLUTE
    ..\Drivers\STM32F0xx_HAL_Driver\Src\stm32f0xx_hal_dma.c 0x00000000   Number         0  stm32f0xx_hal_dma.o ABSOLUTE
    ..\Drivers\STM32F0xx_HAL_Driver\Src\stm32f0xx_hal_flash.c 0x00000000   Number         0  stm32f0xx_hal_flash.o ABSOLUTE
    ..\Drivers\STM32F0xx_HAL_Driver\Src\stm32f0xx_hal_flash_ex.c 0x00000000   Number         0  stm32f0xx_hal_flash_ex.o ABSOLUTE
    ..\Drivers\STM32F0xx_HAL_Driver\Src\stm32f0xx_hal_gpio.c 0x00000000   Number         0  stm32f0xx_hal_gpio.o ABSOLUTE
    ..\Drivers\STM32F0xx_HAL_Driver\Src\stm32f0xx_hal_i2c.c 0x00000000   Number         0  stm32f0xx_hal_i2c.o ABSOLUTE
    ..\Drivers\STM32F0xx_HAL_Driver\Src\stm32f0xx_hal_i2c_ex.c 0x00000000   Number         0  stm32f0xx_hal_i2c_ex.o ABSOLUTE
    ..\Drivers\STM32F0xx_HAL_Driver\Src\stm32f0xx_hal_pwr.c 0x00000000   Number         0  stm32f0xx_hal_pwr.o ABSOLUTE
    ..\Drivers\STM32F0xx_HAL_Driver\Src\stm32f0xx_hal_pwr_ex.c 0x00000000   Number         0  stm32f0xx_hal_pwr_ex.o ABSOLUTE
    ..\Drivers\STM32F0xx_HAL_Driver\Src\stm32f0xx_hal_rcc.c 0x00000000   Number         0  stm32f0xx_hal_rcc.o ABSOLUTE
    ..\Drivers\STM32F0xx_HAL_Driver\Src\stm32f0xx_hal_rcc_ex.c 0x00000000   Number         0  stm32f0xx_hal_rcc_ex.o ABSOLUTE
    ..\Drivers\STM32F0xx_HAL_Driver\Src\stm32f0xx_hal_tim.c 0x00000000   Number         0  stm32f0xx_hal_tim.o ABSOLUTE
    ..\Drivers\STM32F0xx_HAL_Driver\Src\stm32f0xx_hal_tim_ex.c 0x00000000   Number         0  stm32f0xx_hal_tim_ex.o ABSOLUTE
    ..\Src\Control.c                         0x00000000   Number         0  control.o ABSOLUTE
    ..\Src\Disp_App.c                        0x00000000   Number         0  disp_app.o ABSOLUTE
    ..\Src\HT1602B.c                         0x00000000   Number         0  ht1602b.o ABSOLUTE
    ..\Src\Key.c                             0x00000000   Number         0  key.o ABSOLUTE
    ..\Src\NTC.c                             0x00000000   Number         0  ntc.o ABSOLUTE
    ..\Src\main.c                            0x00000000   Number         0  main.o ABSOLUTE
    ..\Src\stm32f0xx_hal_msp.c               0x00000000   Number         0  stm32f0xx_hal_msp.o ABSOLUTE
    ..\Src\stm32f0xx_it.c                    0x00000000   Number         0  stm32f0xx_it.o ABSOLUTE
    ..\\Src\\Control.c                       0x00000000   Number         0  control.o ABSOLUTE
    ..\\Src\\Disp_App.c                      0x00000000   Number         0  disp_app.o ABSOLUTE
    ..\\Src\\HT1602B.c                       0x00000000   Number         0  ht1602b.o ABSOLUTE
    ..\\Src\\Key.c                           0x00000000   Number         0  key.o ABSOLUTE
    ..\\Src\\NTC.c                           0x00000000   Number         0  ntc.o ABSOLUTE
    ..\\Src\system_stm32f0xx.c               0x00000000   Number         0  system_stm32f0xx.o ABSOLUTE
    dc.s                                     0x00000000   Number         0  dc.o ABSOLUTE
    handlers.s                               0x00000000   Number         0  handlers.o ABSOLUTE
    init.s                                   0x00000000   Number         0  init.o ABSOLUTE
    startup_stm32f030x8.s                    0x00000000   Number         0  startup_stm32f030x8.o ABSOLUTE
    RESET                                    0x08000000   Section      180  startup_stm32f030x8.o(RESET)
    .ARM.Collect$$$$00000000                 0x080000b4   Section        0  entry.o(.ARM.Collect$$$$00000000)
    .ARM.Collect$$$$00000001                 0x080000b4   Section        4  entry2.o(.ARM.Collect$$$$00000001)
    .ARM.Collect$$$$00000004                 0x080000b8   Section        4  entry5.o(.ARM.Collect$$$$00000004)
    .ARM.Collect$$$$00000008                 0x080000bc   Section        0  entry7b.o(.ARM.Collect$$$$00000008)
    .ARM.Collect$$$$0000000A                 0x080000bc   Section        0  entry8b.o(.ARM.Collect$$$$0000000A)
    .ARM.Collect$$$$0000000B                 0x080000bc   Section        8  entry9a.o(.ARM.Collect$$$$0000000B)
    .ARM.Collect$$$$0000000D                 0x080000c4   Section        0  entry10a.o(.ARM.Collect$$$$0000000D)
    .ARM.Collect$$$$0000000F                 0x080000c4   Section        0  entry11a.o(.ARM.Collect$$$$0000000F)
    .ARM.Collect$$$$00002712                 0x080000c4   Section        4  entry2.o(.ARM.Collect$$$$00002712)
    __lit__00000000                          0x080000c4   Data           4  entry2.o(.ARM.Collect$$$$00002712)
    .text                                    0x080000c8   Section       28  startup_stm32f030x8.o(.text)
    .text                                    0x080000e4   Section        0  uidiv.o(.text)
    .text                                    0x08000110   Section        0  idiv.o(.text)
    .text                                    0x08000138   Section       36  init.o(.text)
    .text                                    0x0800015c   Section        0  __dczerorl2.o(.text)
    i.ADC_DMAConvCplt                        0x080001b2   Section        0  stm32f0xx_hal_adc.o(i.ADC_DMAConvCplt)
    ADC_DMAConvCplt                          0x080001b3   Thumb Code   134  stm32f0xx_hal_adc.o(i.ADC_DMAConvCplt)
    i.ADC_DMAError                           0x08000238   Section        0  stm32f0xx_hal_adc.o(i.ADC_DMAError)
    ADC_DMAError                             0x08000239   Thumb Code    30  stm32f0xx_hal_adc.o(i.ADC_DMAError)
    i.ADC_DMAHalfConvCplt                    0x08000256   Section        0  stm32f0xx_hal_adc.o(i.ADC_DMAHalfConvCplt)
    ADC_DMAHalfConvCplt                      0x08000257   Thumb Code    14  stm32f0xx_hal_adc.o(i.ADC_DMAHalfConvCplt)
    i.ADC_Enable                             0x08000264   Section        0  stm32f0xx_hal_adc.o(i.ADC_Enable)
    ADC_Enable                               0x08000265   Thumb Code   198  stm32f0xx_hal_adc.o(i.ADC_Enable)
    i.ADC_Systick                            0x08000338   Section        0  ntc.o(i.ADC_Systick)
    i.ADC_to_Temp                            0x0800036c   Section        0  ntc.o(i.ADC_to_Temp)
    i.Anion_Generator_Control                0x080003b4   Section        0  control.o(i.Anion_Generator_Control)
    i.Control_S_tick                         0x080003b8   Section        0  control.o(i.Control_S_tick)
    i.DMA1_Channel1_IRQHandler               0x08000414   Section        0  stm32f0xx_it.o(i.DMA1_Channel1_IRQHandler)
    i.DMA_CalcBaseAndBitshift                0x08000424   Section        0  stm32f0xx_hal_dma.o(i.DMA_CalcBaseAndBitshift)
    DMA_CalcBaseAndBitshift                  0x08000425   Thumb Code    28  stm32f0xx_hal_dma.o(i.DMA_CalcBaseAndBitshift)
    i.DMA_SetConfig                          0x08000444   Section        0  stm32f0xx_hal_dma.o(i.DMA_SetConfig)
    DMA_SetConfig                            0x08000445   Thumb Code    42  stm32f0xx_hal_dma.o(i.DMA_SetConfig)
    i.DelayUS                                0x0800046e   Section        0  ht1602b.o(i.DelayUS)
    i.Disp_All                               0x0800047c   Section        0  disp_app.o(i.Disp_All)
    i.Disp_App                               0x08000494   Section        0  control.o(i.Disp_App)
    i.Disp_Clean                             0x080009bc   Section        0  disp_app.o(i.Disp_Clean)
    i.Disp_Reflesh                           0x080009d4   Section        0  disp_app.o(i.Disp_Reflesh)
    i.Disp_Temp_Bar                          0x080009e8   Section        0  disp_app.o(i.Disp_Temp_Bar)
    i.Disp_Tempereture                       0x08000a4c   Section        0  disp_app.o(i.Disp_Tempereture)
    i.Disp_Time                              0x08000b04   Section        0  disp_app.o(i.Disp_Time)
    i.Disp_WindClass                         0x08000b94   Section        0  disp_app.o(i.Disp_WindClass)
    i.EXTI2_3_IRQHandler                     0x08000c3c   Section        0  stm32f0xx_it.o(i.EXTI2_3_IRQHandler)
    i.EXTI4_15_IRQHandler                    0x08000c60   Section        0  stm32f0xx_it.o(i.EXTI4_15_IRQHandler)
    i.HAL_ADC_ConfigChannel                  0x08000d08   Section        0  stm32f0xx_hal_adc.o(i.HAL_ADC_ConfigChannel)
    i.HAL_ADC_ConvCpltCallback               0x08000e90   Section        0  stm32f0xx_hal_adc.o(i.HAL_ADC_ConvCpltCallback)
    i.HAL_ADC_ConvHalfCpltCallback           0x08000e92   Section        0  stm32f0xx_hal_adc.o(i.HAL_ADC_ConvHalfCpltCallback)
    i.HAL_ADC_ErrorCallback                  0x08000e94   Section        0  stm32f0xx_hal_adc.o(i.HAL_ADC_ErrorCallback)
    i.HAL_ADC_Init                           0x08000e98   Section        0  stm32f0xx_hal_adc.o(i.HAL_ADC_Init)
    i.HAL_ADC_MspInit                        0x08001058   Section        0  stm32f0xx_hal_msp.o(i.HAL_ADC_MspInit)
    i.HAL_ADC_Start_DMA                      0x08001108   Section        0  stm32f0xx_hal_adc.o(i.HAL_ADC_Start_DMA)
    i.HAL_DMA_IRQHandler                     0x080011c8   Section        0  stm32f0xx_hal_dma.o(i.HAL_DMA_IRQHandler)
    i.HAL_DMA_Init                           0x080012b8   Section        0  stm32f0xx_hal_dma.o(i.HAL_DMA_Init)
    i.HAL_DMA_Start_IT                       0x0800131c   Section        0  stm32f0xx_hal_dma.o(i.HAL_DMA_Start_IT)
    i.HAL_Delay                              0x080013b6   Section        0  stm32f0xx_hal.o(i.HAL_Delay)
    i.HAL_GPIO_EXTI_Callback                 0x080013d6   Section        0  stm32f0xx_hal_gpio.o(i.HAL_GPIO_EXTI_Callback)
    i.HAL_GPIO_EXTI_IRQHandler               0x080013d8   Section        0  stm32f0xx_hal_gpio.o(i.HAL_GPIO_EXTI_IRQHandler)
    i.HAL_GPIO_Init                          0x080013f8   Section        0  stm32f0xx_hal_gpio.o(i.HAL_GPIO_Init)
    i.HAL_GPIO_ReadPin                       0x080015e8   Section        0  stm32f0xx_hal_gpio.o(i.HAL_GPIO_ReadPin)
    i.HAL_GPIO_WritePin                      0x080015fa   Section        0  stm32f0xx_hal_gpio.o(i.HAL_GPIO_WritePin)
    i.HAL_GetTick                            0x08001608   Section        0  stm32f0xx_hal.o(i.HAL_GetTick)
    i.HAL_IncTick                            0x08001614   Section        0  stm32f0xx_hal.o(i.HAL_IncTick)
    i.HAL_Init                               0x08001624   Section        0  stm32f0xx_hal.o(i.HAL_Init)
    i.HAL_InitTick                           0x08001644   Section        0  stm32f0xx_hal.o(i.HAL_InitTick)
    i.HAL_MspInit                            0x0800166c   Section        0  stm32f0xx_hal_msp.o(i.HAL_MspInit)
    i.HAL_NVIC_EnableIRQ                     0x080016b0   Section        0  stm32f0xx_hal_cortex.o(i.HAL_NVIC_EnableIRQ)
    i.HAL_NVIC_SetPriority                   0x080016c8   Section        0  stm32f0xx_hal_cortex.o(i.HAL_NVIC_SetPriority)
    i.HAL_RCC_ClockConfig                    0x080016dc   Section        0  stm32f0xx_hal_rcc.o(i.HAL_RCC_ClockConfig)
    i.HAL_RCC_GetHCLKFreq                    0x08001870   Section        0  stm32f0xx_hal_rcc.o(i.HAL_RCC_GetHCLKFreq)
    i.HAL_RCC_GetSysClockFreq                0x0800187c   Section        0  stm32f0xx_hal_rcc.o(i.HAL_RCC_GetSysClockFreq)
    i.HAL_RCC_OscConfig                      0x08001940   Section        0  stm32f0xx_hal_rcc.o(i.HAL_RCC_OscConfig)
    i.HAL_SYSTICK_CLKSourceConfig            0x08001e8c   Section        0  stm32f0xx_hal_cortex.o(i.HAL_SYSTICK_CLKSourceConfig)
    i.HAL_SYSTICK_Callback                   0x08001eb0   Section        0  stm32f0xx_hal_cortex.o(i.HAL_SYSTICK_Callback)
    i.HAL_SYSTICK_Config                     0x08001eb8   Section        0  stm32f0xx_hal_cortex.o(i.HAL_SYSTICK_Config)
    i.HAL_SYSTICK_IRQHandler                 0x08001ef0   Section        0  stm32f0xx_hal_cortex.o(i.HAL_SYSTICK_IRQHandler)
    i.HAL_TIMEx_BreakCallback                0x08001ef8   Section        0  stm32f0xx_hal_tim_ex.o(i.HAL_TIMEx_BreakCallback)
    i.HAL_TIMEx_CommutationCallback          0x08001efa   Section        0  stm32f0xx_hal_tim_ex.o(i.HAL_TIMEx_CommutationCallback)
    i.HAL_TIMEx_ConfigBreakDeadTime          0x08001efc   Section        0  stm32f0xx_hal_tim_ex.o(i.HAL_TIMEx_ConfigBreakDeadTime)
    i.HAL_TIMEx_MasterConfigSynchronization  0x08001fa2   Section        0  stm32f0xx_hal_tim_ex.o(i.HAL_TIMEx_MasterConfigSynchronization)
    i.HAL_TIM_IC_CaptureCallback             0x08002004   Section        0  stm32f0xx_hal_tim.o(i.HAL_TIM_IC_CaptureCallback)
    i.HAL_TIM_IC_ConfigChannel               0x08002006   Section        0  stm32f0xx_hal_tim.o(i.HAL_TIM_IC_ConfigChannel)
    i.HAL_TIM_IC_Init                        0x080020e8   Section        0  stm32f0xx_hal_tim.o(i.HAL_TIM_IC_Init)
    i.HAL_TIM_IC_MspInit                     0x08002120   Section        0  stm32f0xx_hal_msp.o(i.HAL_TIM_IC_MspInit)
    i.HAL_TIM_IRQHandler                     0x08002174   Section        0  stm32f0xx_hal_tim.o(i.HAL_TIM_IRQHandler)
    i.HAL_TIM_MspPostInit                    0x0800233c   Section        0  stm32f0xx_hal_msp.o(i.HAL_TIM_MspPostInit)
    i.HAL_TIM_OC_DelayElapsedCallback        0x080023a0   Section        0  stm32f0xx_hal_tim.o(i.HAL_TIM_OC_DelayElapsedCallback)
    i.HAL_TIM_PWM_ConfigChannel              0x080023a2   Section        0  stm32f0xx_hal_tim.o(i.HAL_TIM_PWM_ConfigChannel)
    i.HAL_TIM_PWM_Init                       0x080024b4   Section        0  stm32f0xx_hal_tim.o(i.HAL_TIM_PWM_Init)
    i.HAL_TIM_PWM_MspInit                    0x080024ec   Section        0  stm32f0xx_hal_msp.o(i.HAL_TIM_PWM_MspInit)
    i.HAL_TIM_PWM_PulseFinishedCallback      0x08002530   Section        0  stm32f0xx_hal_tim.o(i.HAL_TIM_PWM_PulseFinishedCallback)
    i.HAL_TIM_PWM_Start                      0x08002534   Section        0  stm32f0xx_hal_tim.o(i.HAL_TIM_PWM_Start)
    i.HAL_TIM_PeriodElapsedCallback          0x0800259c   Section        0  stm32f0xx_hal_tim.o(i.HAL_TIM_PeriodElapsedCallback)
    i.HAL_TIM_TriggerCallback                0x0800259e   Section        0  stm32f0xx_hal_tim.o(i.HAL_TIM_TriggerCallback)
    i.HT1621CMD2                             0x080025a0   Section        0  ht1602b.o(i.HT1621CMD2)
    i.HardFault_Handler                      0x080025dc   Section        0  stm32f0xx_it.o(i.HardFault_Handler)
    i.Ht1621WrAllData                        0x080025e0   Section        0  ht1602b.o(i.Ht1621WrAllData)
    i.Ht1621WrCmd                            0x08002630   Section        0  ht1602b.o(i.Ht1621WrCmd)
    i.Ht1621Wr_Data                          0x0800266c   Section        0  ht1602b.o(i.Ht1621Wr_Data)
    i.Ht1621_Init                            0x080026cc   Section        0  ht1602b.o(i.Ht1621_Init)
    i.Infrared_Control                       0x08002724   Section        0  control.o(i.Infrared_Control)
    i.Key_Check                              0x08002728   Section        0  key.o(i.Key_Check)
    i.Key_Deal                               0x08002920   Section        0  control.o(i.Key_Deal)
    i.MX_ADC_Init                            0x08002d00   Section        0  ntc.o(i.MX_ADC_Init)
    i.MX_DMA_Init                            0x08002da0   Section        0  main.o(i.MX_DMA_Init)
    MX_DMA_Init                              0x08002da1   Thumb Code    48  main.o(i.MX_DMA_Init)
    i.MX_GPIO_Init                           0x08002dd4   Section        0  main.o(i.MX_GPIO_Init)
    MX_GPIO_Init                             0x08002dd5   Thumb Code   380  main.o(i.MX_GPIO_Init)
    i.MX_TIM1_Init                           0x08002f68   Section        0  main.o(i.MX_TIM1_Init)
    MX_TIM1_Init                             0x08002f69   Thumb Code   176  main.o(i.MX_TIM1_Init)
    i.MX_TIM3_Init                           0x08003030   Section        0  main.o(i.MX_TIM3_Init)
    MX_TIM3_Init                             0x08003031   Thumb Code   182  main.o(i.MX_TIM3_Init)
    i.Machine_Init                           0x08003100   Section        0  control.o(i.Machine_Init)
    i.NMI_Handler                            0x0800311a   Section        0  stm32f0xx_it.o(i.NMI_Handler)
    i.NVIC_SetPriority                       0x0800311c   Section        0  stm32f0xx_hal_cortex.o(i.NVIC_SetPriority)
    NVIC_SetPriority                         0x0800311d   Thumb Code   110  stm32f0xx_hal_cortex.o(i.NVIC_SetPriority)
    i.PendSV_Handler                         0x08003194   Section        0  stm32f0xx_it.o(i.PendSV_Handler)
    i.SVC_Handler                            0x08003196   Section        0  stm32f0xx_it.o(i.SVC_Handler)
    i.SysTick_Handler                        0x08003198   Section        0  stm32f0xx_it.o(i.SysTick_Handler)
    i.SystemClock_Config                     0x080031a4   Section        0  main.o(i.SystemClock_Config)
    i.SystemInit                             0x08003234   Section        0  system_stm32f0xx.o(i.SystemInit)
    i.Systick_Application                    0x080032a8   Section        0  main.o(i.Systick_Application)
    i.TIM1_BRK_UP_TRG_COM_IRQHandler         0x08003310   Section        0  stm32f0xx_it.o(i.TIM1_BRK_UP_TRG_COM_IRQHandler)
    i.TIM_Base_SetConfig                     0x08003320   Section        0  stm32f0xx_hal_tim.o(i.TIM_Base_SetConfig)
    i.TIM_CCxChannelCmd                      0x080033c0   Section        0  stm32f0xx_hal_tim.o(i.TIM_CCxChannelCmd)
    i.TIM_OC1_SetConfig                      0x080033dc   Section        0  stm32f0xx_hal_tim.o(i.TIM_OC1_SetConfig)
    TIM_OC1_SetConfig                        0x080033dd   Thumb Code   164  stm32f0xx_hal_tim.o(i.TIM_OC1_SetConfig)
    i.TIM_OC2_SetConfig                      0x08003490   Section        0  stm32f0xx_hal_tim.o(i.TIM_OC2_SetConfig)
    i.TIM_OC3_SetConfig                      0x08003558   Section        0  stm32f0xx_hal_tim.o(i.TIM_OC3_SetConfig)
    TIM_OC3_SetConfig                        0x08003559   Thumb Code   178  stm32f0xx_hal_tim.o(i.TIM_OC3_SetConfig)
    i.TIM_OC4_SetConfig                      0x0800361c   Section        0  stm32f0xx_hal_tim.o(i.TIM_OC4_SetConfig)
    TIM_OC4_SetConfig                        0x0800361d   Thumb Code   118  stm32f0xx_hal_tim.o(i.TIM_OC4_SetConfig)
    i.TIM_TI1_SetConfig                      0x080036a4   Section        0  stm32f0xx_hal_tim.o(i.TIM_TI1_SetConfig)
    i.TIM_TI2_SetConfig                      0x08003714   Section        0  stm32f0xx_hal_tim.o(i.TIM_TI2_SetConfig)
    TIM_TI2_SetConfig                        0x08003715   Thumb Code    76  stm32f0xx_hal_tim.o(i.TIM_TI2_SetConfig)
    i.TIM_TI3_SetConfig                      0x08003760   Section        0  stm32f0xx_hal_tim.o(i.TIM_TI3_SetConfig)
    TIM_TI3_SetConfig                        0x08003761   Thumb Code    74  stm32f0xx_hal_tim.o(i.TIM_TI3_SetConfig)
    i.TIM_TI4_SetConfig                      0x080037aa   Section        0  stm32f0xx_hal_tim.o(i.TIM_TI4_SetConfig)
    TIM_TI4_SetConfig                        0x080037ab   Thumb Code    82  stm32f0xx_hal_tim.o(i.TIM_TI4_SetConfig)
    i.Tempereture_ADC                        0x080037fc   Section        0  ntc.o(i.Tempereture_ADC)
    i.Wind_Control                           0x080038a4   Section        0  control.o(i.Wind_Control)
    i._Error_Handler                         0x080038be   Section        0  main.o(i._Error_Handler)
    i.__ARM_common_switch8                   0x080038c2   Section        0  stm32f0xx_hal_tim.o(i.__ARM_common_switch8)
    i.__scatterload_copy                     0x080038de   Section       14  handlers.o(i.__scatterload_copy)
    i.__scatterload_null                     0x080038ec   Section        2  handlers.o(i.__scatterload_null)
    i.__scatterload_zeroinit                 0x080038ee   Section       14  handlers.o(i.__scatterload_zeroinit)
    i.disp_Num2                              0x080038fc   Section        0  disp_app.o(i.disp_Num2)
    i.disp_Num3                              0x08003968   Section        0  disp_app.o(i.disp_Num3)
    i.disp_Num_Tm                            0x080039d4   Section        0  disp_app.o(i.disp_Num_Tm)
    i.disp_clr_Num2                          0x08003aa0   Section        0  disp_app.o(i.disp_clr_Num2)
    i.disp_clr_Num3                          0x08003b0c   Section        0  disp_app.o(i.disp_clr_Num3)
    i.disp_seg                               0x08003b78   Section        0  disp_app.o(i.disp_seg)
    i.main                                   0x08003bbc   Section        0  main.o(i.main)
    .constdata                               0x08003c68   Section       24  system_stm32f0xx.o(.constdata)
    .constdata                               0x08003c80   Section      148  ntc.o(.constdata)
    .data                                    0x20000000   Section        4  stm32f0xx_hal.o(.data)
    .data                                    0x20000004   Section        4  system_stm32f0xx.o(.data)
    .data                                    0x20000008   Section       50  main.o(.data)
    .data                                    0x2000003a   Section       15  ntc.o(.data)
    aADCxConvertedData_0                     0x2000003a   Data           8  ntc.o(.data)
    .data                                    0x20000049   Section        6  key.o(.data)
    .data                                    0x20000050   Section      449  disp_app.o(.data)
    .data                                    0x20000212   Section       24  control.o(.data)
    .bss                                     0x2000022c   Section      128  main.o(.bss)
    .bss                                     0x200002ac   Section      144  ntc.o(.bss)
    .bss                                     0x2000033c   Section       16  disp_app.o(.bss)
    STACK                                    0x20000350   Section     1024  startup_stm32f030x8.o(STACK)

    Global Symbols

    Symbol Name                              Value     Ov Type        Size  Object(Section)

    BuildAttributes$$THM_ISAv3M$S$PE$A:L22$X:L11$S22$IEEE1$IW$USESV6$~STKCKD$USESV7$~SHL$OSPACE$EBA8$MICROLIB$REQ8$PRES8$EABIv2 0x00000000   Number         0  anon$$obj.o ABSOLUTE
    __ARM_use_no_argv                        0x00000000   Number         0  main.o ABSOLUTE
    __cpp_initialize__aeabi_                  - Undefined Weak Reference
    __cxa_finalize                            - Undefined Weak Reference
    _clock_init                               - Undefined Weak Reference
    _microlib_exit                            - Undefined Weak Reference
    __Vectors_Size                           0x000000b4   Number         0  startup_stm32f030x8.o ABSOLUTE
    __Vectors                                0x08000000   Data           4  startup_stm32f030x8.o(RESET)
    __Vectors_End                            0x080000b4   Data           0  startup_stm32f030x8.o(RESET)
    __main                                   0x080000b5   Thumb Code     0  entry.o(.ARM.Collect$$$$00000000)
    _main_stk                                0x080000b5   Thumb Code     0  entry2.o(.ARM.Collect$$$$00000001)
    _main_scatterload                        0x080000b9   Thumb Code     0  entry5.o(.ARM.Collect$$$$00000004)
    __main_after_scatterload                 0x080000bd   Thumb Code     0  entry5.o(.ARM.Collect$$$$00000004)
    _main_clock                              0x080000bd   Thumb Code     0  entry7b.o(.ARM.Collect$$$$00000008)
    _main_cpp_init                           0x080000bd   Thumb Code     0  entry8b.o(.ARM.Collect$$$$0000000A)
    _main_init                               0x080000bd   Thumb Code     0  entry9a.o(.ARM.Collect$$$$0000000B)
    __rt_final_cpp                           0x080000c5   Thumb Code     0  entry10a.o(.ARM.Collect$$$$0000000D)
    __rt_final_exit                          0x080000c5   Thumb Code     0  entry11a.o(.ARM.Collect$$$$0000000F)
    Reset_Handler                            0x080000c9   Thumb Code     8  startup_stm32f030x8.o(.text)
    ADC1_IRQHandler                          0x080000db   Thumb Code     0  startup_stm32f030x8.o(.text)
    DMA1_Channel2_3_IRQHandler               0x080000db   Thumb Code     0  startup_stm32f030x8.o(.text)
    DMA1_Channel4_5_IRQHandler               0x080000db   Thumb Code     0  startup_stm32f030x8.o(.text)
    EXTI0_1_IRQHandler                       0x080000db   Thumb Code     0  startup_stm32f030x8.o(.text)
    FLASH_IRQHandler                         0x080000db   Thumb Code     0  startup_stm32f030x8.o(.text)
    I2C1_IRQHandler                          0x080000db   Thumb Code     0  startup_stm32f030x8.o(.text)
    I2C2_IRQHandler                          0x080000db   Thumb Code     0  startup_stm32f030x8.o(.text)
    RCC_IRQHandler                           0x080000db   Thumb Code     0  startup_stm32f030x8.o(.text)
    RTC_IRQHandler                           0x080000db   Thumb Code     0  startup_stm32f030x8.o(.text)
    SPI1_IRQHandler                          0x080000db   Thumb Code     0  startup_stm32f030x8.o(.text)
    SPI2_IRQHandler                          0x080000db   Thumb Code     0  startup_stm32f030x8.o(.text)
    TIM14_IRQHandler                         0x080000db   Thumb Code     0  startup_stm32f030x8.o(.text)
    TIM15_IRQHandler                         0x080000db   Thumb Code     0  startup_stm32f030x8.o(.text)
    TIM16_IRQHandler                         0x080000db   Thumb Code     0  startup_stm32f030x8.o(.text)
    TIM17_IRQHandler                         0x080000db   Thumb Code     0  startup_stm32f030x8.o(.text)
    TIM1_CC_IRQHandler                       0x080000db   Thumb Code     0  startup_stm32f030x8.o(.text)
    TIM3_IRQHandler                          0x080000db   Thumb Code     0  startup_stm32f030x8.o(.text)
    TIM6_IRQHandler                          0x080000db   Thumb Code     0  startup_stm32f030x8.o(.text)
    USART1_IRQHandler                        0x080000db   Thumb Code     0  startup_stm32f030x8.o(.text)
    USART2_IRQHandler                        0x080000db   Thumb Code     0  startup_stm32f030x8.o(.text)
    WWDG_IRQHandler                          0x080000db   Thumb Code     0  startup_stm32f030x8.o(.text)
    __aeabi_uidiv                            0x080000e5   Thumb Code     0  uidiv.o(.text)
    __aeabi_uidivmod                         0x080000e5   Thumb Code    44  uidiv.o(.text)
    __aeabi_idiv                             0x08000111   Thumb Code     0  idiv.o(.text)
    __aeabi_idivmod                          0x08000111   Thumb Code    40  idiv.o(.text)
    __scatterload                            0x08000139   Thumb Code    28  init.o(.text)
    __scatterload_rt2                        0x08000139   Thumb Code     0  init.o(.text)
    __decompress                             0x0800015d   Thumb Code     0  __dczerorl2.o(.text)
    __decompress1                            0x0800015d   Thumb Code    86  __dczerorl2.o(.text)
    ADC_Systick                              0x08000339   Thumb Code    44  ntc.o(i.ADC_Systick)
    ADC_to_Temp                              0x0800036d   Thumb Code    66  ntc.o(i.ADC_to_Temp)
    Anion_Generator_Control                  0x080003b5   Thumb Code     2  control.o(i.Anion_Generator_Control)
    Control_S_tick                           0x080003b9   Thumb Code    74  control.o(i.Control_S_tick)
    DMA1_Channel1_IRQHandler                 0x08000415   Thumb Code    10  stm32f0xx_it.o(i.DMA1_Channel1_IRQHandler)
    DelayUS                                  0x0800046f   Thumb Code    14  ht1602b.o(i.DelayUS)
    Disp_All                                 0x0800047d   Thumb Code    20  disp_app.o(i.Disp_All)
    Disp_App                                 0x08000495   Thumb Code  1296  control.o(i.Disp_App)
    Disp_Clean                               0x080009bd   Thumb Code    20  disp_app.o(i.Disp_Clean)
    Disp_Reflesh                             0x080009d5   Thumb Code    14  disp_app.o(i.Disp_Reflesh)
    Disp_Temp_Bar                            0x080009e9   Thumb Code    96  disp_app.o(i.Disp_Temp_Bar)
    Disp_Tempereture                         0x08000a4d   Thumb Code   180  disp_app.o(i.Disp_Tempereture)
    Disp_Time                                0x08000b05   Thumb Code   144  disp_app.o(i.Disp_Time)
    Disp_WindClass                           0x08000b95   Thumb Code   168  disp_app.o(i.Disp_WindClass)
    EXTI2_3_IRQHandler                       0x08000c3d   Thumb Code    30  stm32f0xx_it.o(i.EXTI2_3_IRQHandler)
    EXTI4_15_IRQHandler                      0x08000c61   Thumb Code   136  stm32f0xx_it.o(i.EXTI4_15_IRQHandler)
    HAL_ADC_ConfigChannel                    0x08000d09   Thumb Code   374  stm32f0xx_hal_adc.o(i.HAL_ADC_ConfigChannel)
    HAL_ADC_ConvCpltCallback                 0x08000e91   Thumb Code     2  stm32f0xx_hal_adc.o(i.HAL_ADC_ConvCpltCallback)
    HAL_ADC_ConvHalfCpltCallback             0x08000e93   Thumb Code     2  stm32f0xx_hal_adc.o(i.HAL_ADC_ConvHalfCpltCallback)
    HAL_ADC_ErrorCallback                    0x08000e95   Thumb Code     2  stm32f0xx_hal_adc.o(i.HAL_ADC_ErrorCallback)
    HAL_ADC_Init                             0x08000e99   Thumb Code   440  stm32f0xx_hal_adc.o(i.HAL_ADC_Init)
    HAL_ADC_MspInit                          0x08001059   Thumb Code   130  stm32f0xx_hal_msp.o(i.HAL_ADC_MspInit)
    HAL_ADC_Start_DMA                        0x08001109   Thumb Code   176  stm32f0xx_hal_adc.o(i.HAL_ADC_Start_DMA)
    HAL_DMA_IRQHandler                       0x080011c9   Thumb Code   240  stm32f0xx_hal_dma.o(i.HAL_DMA_IRQHandler)
    HAL_DMA_Init                             0x080012b9   Thumb Code    94  stm32f0xx_hal_dma.o(i.HAL_DMA_Init)
    HAL_DMA_Start_IT                         0x0800131d   Thumb Code   154  stm32f0xx_hal_dma.o(i.HAL_DMA_Start_IT)
    HAL_Delay                                0x080013b7   Thumb Code    32  stm32f0xx_hal.o(i.HAL_Delay)
    HAL_GPIO_EXTI_Callback                   0x080013d7   Thumb Code     2  stm32f0xx_hal_gpio.o(i.HAL_GPIO_EXTI_Callback)
    HAL_GPIO_EXTI_IRQHandler                 0x080013d9   Thumb Code    26  stm32f0xx_hal_gpio.o(i.HAL_GPIO_EXTI_IRQHandler)
    HAL_GPIO_Init                            0x080013f9   Thumb Code   470  stm32f0xx_hal_gpio.o(i.HAL_GPIO_Init)
    HAL_GPIO_ReadPin                         0x080015e9   Thumb Code    18  stm32f0xx_hal_gpio.o(i.HAL_GPIO_ReadPin)
    HAL_GPIO_WritePin                        0x080015fb   Thumb Code    12  stm32f0xx_hal_gpio.o(i.HAL_GPIO_WritePin)
    HAL_GetTick                              0x08001609   Thumb Code     6  stm32f0xx_hal.o(i.HAL_GetTick)
    HAL_IncTick                              0x08001615   Thumb Code    12  stm32f0xx_hal.o(i.HAL_IncTick)
    HAL_Init                                 0x08001625   Thumb Code    28  stm32f0xx_hal.o(i.HAL_Init)
    HAL_InitTick                             0x08001645   Thumb Code    38  stm32f0xx_hal.o(i.HAL_InitTick)
    HAL_MspInit                              0x0800166d   Thumb Code    62  stm32f0xx_hal_msp.o(i.HAL_MspInit)
    HAL_NVIC_EnableIRQ                       0x080016b1   Thumb Code    18  stm32f0xx_hal_cortex.o(i.HAL_NVIC_EnableIRQ)
    HAL_NVIC_SetPriority                     0x080016c9   Thumb Code    18  stm32f0xx_hal_cortex.o(i.HAL_NVIC_SetPriority)
    HAL_RCC_ClockConfig                      0x080016dd   Thumb Code   382  stm32f0xx_hal_rcc.o(i.HAL_RCC_ClockConfig)
    HAL_RCC_GetHCLKFreq                      0x08001871   Thumb Code     6  stm32f0xx_hal_rcc.o(i.HAL_RCC_GetHCLKFreq)
    HAL_RCC_GetSysClockFreq                  0x0800187d   Thumb Code   150  stm32f0xx_hal_rcc.o(i.HAL_RCC_GetSysClockFreq)
    HAL_RCC_OscConfig                        0x08001941   Thumb Code  1352  stm32f0xx_hal_rcc.o(i.HAL_RCC_OscConfig)
    HAL_SYSTICK_CLKSourceConfig              0x08001e8d   Thumb Code    32  stm32f0xx_hal_cortex.o(i.HAL_SYSTICK_CLKSourceConfig)
    HAL_SYSTICK_Callback                     0x08001eb1   Thumb Code     8  stm32f0xx_hal_cortex.o(i.HAL_SYSTICK_Callback)
    HAL_SYSTICK_Config                       0x08001eb9   Thumb Code    46  stm32f0xx_hal_cortex.o(i.HAL_SYSTICK_Config)
    HAL_SYSTICK_IRQHandler                   0x08001ef1   Thumb Code     8  stm32f0xx_hal_cortex.o(i.HAL_SYSTICK_IRQHandler)
    HAL_TIMEx_BreakCallback                  0x08001ef9   Thumb Code     2  stm32f0xx_hal_tim_ex.o(i.HAL_TIMEx_BreakCallback)
    HAL_TIMEx_CommutationCallback            0x08001efb   Thumb Code     2  stm32f0xx_hal_tim_ex.o(i.HAL_TIMEx_CommutationCallback)
    HAL_TIMEx_ConfigBreakDeadTime            0x08001efd   Thumb Code   166  stm32f0xx_hal_tim_ex.o(i.HAL_TIMEx_ConfigBreakDeadTime)
    HAL_TIMEx_MasterConfigSynchronization    0x08001fa3   Thumb Code    98  stm32f0xx_hal_tim_ex.o(i.HAL_TIMEx_MasterConfigSynchronization)
    HAL_TIM_IC_CaptureCallback               0x08002005   Thumb Code     2  stm32f0xx_hal_tim.o(i.HAL_TIM_IC_CaptureCallback)
    HAL_TIM_IC_ConfigChannel                 0x08002007   Thumb Code   226  stm32f0xx_hal_tim.o(i.HAL_TIM_IC_ConfigChannel)
    HAL_TIM_IC_Init                          0x080020e9   Thumb Code    56  stm32f0xx_hal_tim.o(i.HAL_TIM_IC_Init)
    HAL_TIM_IC_MspInit                       0x08002121   Thumb Code    74  stm32f0xx_hal_msp.o(i.HAL_TIM_IC_MspInit)
    HAL_TIM_IRQHandler                       0x08002175   Thumb Code   456  stm32f0xx_hal_tim.o(i.HAL_TIM_IRQHandler)
    HAL_TIM_MspPostInit                      0x0800233d   Thumb Code    86  stm32f0xx_hal_msp.o(i.HAL_TIM_MspPostInit)
    HAL_TIM_OC_DelayElapsedCallback          0x080023a1   Thumb Code     2  stm32f0xx_hal_tim.o(i.HAL_TIM_OC_DelayElapsedCallback)
    HAL_TIM_PWM_ConfigChannel                0x080023a3   Thumb Code   274  stm32f0xx_hal_tim.o(i.HAL_TIM_PWM_ConfigChannel)
    HAL_TIM_PWM_Init                         0x080024b5   Thumb Code    56  stm32f0xx_hal_tim.o(i.HAL_TIM_PWM_Init)
    HAL_TIM_PWM_MspInit                      0x080024ed   Thumb Code    58  stm32f0xx_hal_msp.o(i.HAL_TIM_PWM_MspInit)
    HAL_TIM_PWM_PulseFinishedCallback        0x08002531   Thumb Code     2  stm32f0xx_hal_tim.o(i.HAL_TIM_PWM_PulseFinishedCallback)
    HAL_TIM_PWM_Start                        0x08002535   Thumb Code    88  stm32f0xx_hal_tim.o(i.HAL_TIM_PWM_Start)
    HAL_TIM_PeriodElapsedCallback            0x0800259d   Thumb Code     2  stm32f0xx_hal_tim.o(i.HAL_TIM_PeriodElapsedCallback)
    HAL_TIM_TriggerCallback                  0x0800259f   Thumb Code     2  stm32f0xx_hal_tim.o(i.HAL_TIM_TriggerCallback)
    HT1621CMD2                               0x080025a1   Thumb Code    54  ht1602b.o(i.HT1621CMD2)
    HardFault_Handler                        0x080025dd   Thumb Code     4  stm32f0xx_it.o(i.HardFault_Handler)
    Ht1621WrAllData                          0x080025e1   Thumb Code    76  ht1602b.o(i.Ht1621WrAllData)
    Ht1621WrCmd                              0x08002631   Thumb Code    54  ht1602b.o(i.Ht1621WrCmd)
    Ht1621Wr_Data                            0x0800266d   Thumb Code    92  ht1602b.o(i.Ht1621Wr_Data)
    Ht1621_Init                              0x080026cd   Thumb Code    82  ht1602b.o(i.Ht1621_Init)
    Infrared_Control                         0x08002725   Thumb Code     2  control.o(i.Infrared_Control)
    Key_Check                                0x08002729   Thumb Code   466  key.o(i.Key_Check)
    Key_Deal                                 0x08002921   Thumb Code   944  control.o(i.Key_Deal)
    MX_ADC_Init                              0x08002d01   Thumb Code   134  ntc.o(i.MX_ADC_Init)
    Machine_Init                             0x08003101   Thumb Code    26  control.o(i.Machine_Init)
    NMI_Handler                              0x0800311b   Thumb Code     2  stm32f0xx_it.o(i.NMI_Handler)
    PendSV_Handler                           0x08003195   Thumb Code     2  stm32f0xx_it.o(i.PendSV_Handler)
    SVC_Handler                              0x08003197   Thumb Code     2  stm32f0xx_it.o(i.SVC_Handler)
    SysTick_Handler                          0x08003199   Thumb Code    12  stm32f0xx_it.o(i.SysTick_Handler)
    SystemClock_Config                       0x080031a5   Thumb Code   126  main.o(i.SystemClock_Config)
    SystemInit                               0x08003235   Thumb Code   104  system_stm32f0xx.o(i.SystemInit)
    Systick_Application                      0x080032a9   Thumb Code    88  main.o(i.Systick_Application)
    TIM1_BRK_UP_TRG_COM_IRQHandler           0x08003311   Thumb Code    10  stm32f0xx_it.o(i.TIM1_BRK_UP_TRG_COM_IRQHandler)
    TIM_Base_SetConfig                       0x08003321   Thumb Code   136  stm32f0xx_hal_tim.o(i.TIM_Base_SetConfig)
    TIM_CCxChannelCmd                        0x080033c1   Thumb Code    28  stm32f0xx_hal_tim.o(i.TIM_CCxChannelCmd)
    TIM_OC2_SetConfig                        0x08003491   Thumb Code   182  stm32f0xx_hal_tim.o(i.TIM_OC2_SetConfig)
    TIM_TI1_SetConfig                        0x080036a5   Thumb Code    98  stm32f0xx_hal_tim.o(i.TIM_TI1_SetConfig)
    Tempereture_ADC                          0x080037fd   Thumb Code   136  ntc.o(i.Tempereture_ADC)
    Wind_Control                             0x080038a5   Thumb Code    26  control.o(i.Wind_Control)
    _Error_Handler                           0x080038bf   Thumb Code     4  main.o(i._Error_Handler)
    __ARM_common_switch8                     0x080038c3   Thumb Code    28  stm32f0xx_hal_tim.o(i.__ARM_common_switch8)
    __scatterload_copy                       0x080038df   Thumb Code    14  handlers.o(i.__scatterload_copy)
    __scatterload_null                       0x080038ed   Thumb Code     2  handlers.o(i.__scatterload_null)
    __scatterload_zeroinit                   0x080038ef   Thumb Code    14  handlers.o(i.__scatterload_zeroinit)
    disp_Num2                                0x080038fd   Thumb Code   100  disp_app.o(i.disp_Num2)
    disp_Num3                                0x08003969   Thumb Code   100  disp_app.o(i.disp_Num3)
    disp_Num_Tm                              0x080039d5   Thumb Code   194  disp_app.o(i.disp_Num_Tm)
    disp_clr_Num2                            0x08003aa1   Thumb Code   100  disp_app.o(i.disp_clr_Num2)
    disp_clr_Num3                            0x08003b0d   Thumb Code   100  disp_app.o(i.disp_clr_Num3)
    disp_seg                                 0x08003b79   Thumb Code    64  disp_app.o(i.disp_seg)
    main                                     0x08003bbd   Thumb Code   138  main.o(i.main)
    AHBPrescTable                            0x08003c68   Data          16  system_stm32f0xx.o(.constdata)
    APBPrescTable                            0x08003c78   Data           8  system_stm32f0xx.o(.constdata)
    Temp_Tab                                 0x08003c80   Data         148  ntc.o(.constdata)
    Region$$Table$$Base                      0x08003d14   Number         0  anon$$obj.o(Region$$Table)
    Region$$Table$$Limit                     0x08003d34   Number         0  anon$$obj.o(Region$$Table)
    uwTick                                   0x20000000   Data           4  stm32f0xx_hal.o(.data)
    SystemCoreClock                          0x20000004   Data           4  system_stm32f0xx.o(.data)
    sys_500ms                                0x20000008   Data           1  main.o(.data)
    sys_sec                                  0x20000009   Data           1  main.o(.data)
    sys_ms                                   0x2000000a   Data           2  main.o(.data)
    Key_Val                                  0x2000000c   Data           1  main.o(.data)
    voltage_adc                              0x2000000e   Data           2  main.o(.data)
    ctl_flag                                 0x20000010   Data           1  main.o(.data)
    indexWave                                0x20000011   Data          41  main.o(.data)
    temperature                              0x20000042   Data           2  ntc.o(.data)
    adc_en                                   0x20000044   Data           1  ntc.o(.data)
    adc_ms                                   0x20000046   Data           2  ntc.o(.data)
    rt_temp                                  0x20000048   Data           1  ntc.o(.data)
    K1                                       0x20000049   Data           1  key.o(.data)
    K2                                       0x2000004a   Data           1  key.o(.data)
    K3                                       0x2000004b   Data           1  key.o(.data)
    K4                                       0x2000004c   Data           1  key.o(.data)
    K5                                       0x2000004d   Data           1  key.o(.data)
    K6                                       0x2000004e   Data           1  key.o(.data)
    Num2                                     0x20000050   Data         154  disp_app.o(.data)
    Num3                                     0x200000ea   Data         154  disp_app.o(.data)
    Num4                                     0x20000184   Data         140  disp_app.o(.data)
    last_temp                                0x20000210   Data           1  disp_app.o(.data)
    machine_status                           0x20000212   Data           1  control.o(.data)
    key_fresh                                0x20000213   Data           1  control.o(.data)
    sys_disp_tm                              0x20000214   Data           1  control.o(.data)
    colon_flash                              0x20000215   Data           1  control.o(.data)
    operate_wait_tm                          0x20000216   Data           1  control.o(.data)
    colon_flag                               0x20000217   Data           1  control.o(.data)
    tm_sw_cnt                                0x20000218   Data           1  control.o(.data)
    tm_sw_flag                               0x20000219   Data           1  control.o(.data)
    ctrl_ms                                  0x2000021a   Data           2  control.o(.data)
    down_wait_sec                            0x2000021c   Data           2  control.o(.data)
    Real_Param                               0x2000021e   Data           2  control.o(.data)
    Set_Param                                0x20000220   Data           2  control.o(.data)
    RunTime_Set                              0x20000222   Data           2  control.o(.data)
    Sec_ParamSet                             0x20000224   Data           2  control.o(.data)
    Sec_Add                                  0x20000226   Data           2  control.o(.data)
    Sec_Left                                 0x20000228   Data           2  control.o(.data)
    htim1                                    0x2000022c   Data          64  main.o(.bss)
    htim3                                    0x2000026c   Data          64  main.o(.bss)
    hadc                                     0x200002ac   Data          76  ntc.o(.bss)
    hdma_adc                                 0x200002f8   Data          68  ntc.o(.bss)
    SEG_Temp                                 0x2000033c   Data          16  disp_app.o(.bss)
    __initial_sp                             0x20000750   Data           0  startup_stm32f030x8.o(STACK)



==============================================================================

Memory Map of the image

  Image Entry point : 0x080000b5

  Load Region LR_IROM1 (Base: 0x08000000, Size: 0x00003f60, Max: 0x00010000, ABSOLUTE, COMPRESSED[0x00003e08])

    Execution Region ER_IROM1 (Base: 0x08000000, Size: 0x00003d34, Max: 0x00010000, ABSOLUTE)

    Base Addr    Size         Type   Attr      Idx    E Section Name        Object

    0x08000000   0x000000b4   Data   RO            3    RESET               startup_stm32f030x8.o
    0x080000b4   0x00000000   Code   RO         3034  * .ARM.Collect$$$$00000000  mc_p.l(entry.o)
    0x080000b4   0x00000004   Code   RO         3043    .ARM.Collect$$$$00000001  mc_p.l(entry2.o)
    0x080000b8   0x00000004   Code   RO         3046    .ARM.Collect$$$$00000004  mc_p.l(entry5.o)
    0x080000bc   0x00000000   Code   RO         3048    .ARM.Collect$$$$00000008  mc_p.l(entry7b.o)
    0x080000bc   0x00000000   Code   RO         3050    .ARM.Collect$$$$0000000A  mc_p.l(entry8b.o)
    0x080000bc   0x00000008   Code   RO         3051    .ARM.Collect$$$$0000000B  mc_p.l(entry9a.o)
    0x080000c4   0x00000000   Code   RO         3053    .ARM.Collect$$$$0000000D  mc_p.l(entry10a.o)
    0x080000c4   0x00000000   Code   RO         3055    .ARM.Collect$$$$0000000F  mc_p.l(entry11a.o)
    0x080000c4   0x00000004   Code   RO         3044    .ARM.Collect$$$$00002712  mc_p.l(entry2.o)
    0x080000c8   0x0000001c   Code   RO            4    .text               startup_stm32f030x8.o
    0x080000e4   0x0000002c   Code   RO         3037    .text               mc_p.l(uidiv.o)
    0x08000110   0x00000028   Code   RO         3039    .text               mc_p.l(idiv.o)
    0x08000138   0x00000024   Code   RO         3057    .text               mc_p.l(init.o)
    0x0800015c   0x00000056   Code   RO         3067    .text               mc_p.l(__dczerorl2.o)
    0x080001b2   0x00000086   Code   RO         2289    i.ADC_DMAConvCplt   stm32f0xx_hal_adc.o
    0x08000238   0x0000001e   Code   RO         2290    i.ADC_DMAError      stm32f0xx_hal_adc.o
    0x08000256   0x0000000e   Code   RO         2291    i.ADC_DMAHalfConvCplt  stm32f0xx_hal_adc.o
    0x08000264   0x000000d4   Code   RO         2293    i.ADC_Enable        stm32f0xx_hal_adc.o
    0x08000338   0x00000034   Code   RO         2775    i.ADC_Systick       ntc.o
    0x0800036c   0x00000048   Code   RO         2776    i.ADC_to_Temp       ntc.o
    0x080003b4   0x00000002   Code   RO         2967    i.Anion_Generator_Control  control.o
    0x080003b6   0x00000002   PAD
    0x080003b8   0x0000005c   Code   RO         2968    i.Control_S_tick    control.o
    0x08000414   0x00000010   Code   RO         2587    i.DMA1_Channel1_IRQHandler  stm32f0xx_it.o
    0x08000424   0x00000020   Code   RO         1801    i.DMA_CalcBaseAndBitshift  stm32f0xx_hal_dma.o
    0x08000444   0x0000002a   Code   RO         1802    i.DMA_SetConfig     stm32f0xx_hal_dma.o
    0x0800046e   0x0000000e   Code   RO         2722    i.DelayUS           ht1602b.o
    0x0800047c   0x00000018   Code   RO         2847    i.Disp_All          disp_app.o
    0x08000494   0x00000528   Code   RO         2969    i.Disp_App          control.o
    0x080009bc   0x00000018   Code   RO         2848    i.Disp_Clean        disp_app.o
    0x080009d4   0x00000014   Code   RO         2849    i.Disp_Reflesh      disp_app.o
    0x080009e8   0x00000064   Code   RO         2850    i.Disp_Temp_Bar     disp_app.o
    0x08000a4c   0x000000b8   Code   RO         2851    i.Disp_Tempereture  disp_app.o
    0x08000b04   0x00000090   Code   RO         2852    i.Disp_Time         disp_app.o
    0x08000b94   0x000000a8   Code   RO         2853    i.Disp_WindClass    disp_app.o
    0x08000c3c   0x00000024   Code   RO         2588    i.EXTI2_3_IRQHandler  stm32f0xx_it.o
    0x08000c60   0x000000a8   Code   RO         2589    i.EXTI4_15_IRQHandler  stm32f0xx_it.o
    0x08000d08   0x00000188   Code   RO         2295    i.HAL_ADC_ConfigChannel  stm32f0xx_hal_adc.o
    0x08000e90   0x00000002   Code   RO         2296    i.HAL_ADC_ConvCpltCallback  stm32f0xx_hal_adc.o
    0x08000e92   0x00000002   Code   RO         2297    i.HAL_ADC_ConvHalfCpltCallback  stm32f0xx_hal_adc.o
    0x08000e94   0x00000002   Code   RO         2299    i.HAL_ADC_ErrorCallback  stm32f0xx_hal_adc.o
    0x08000e96   0x00000002   PAD
    0x08000e98   0x000001c0   Code   RO         2304    i.HAL_ADC_Init      stm32f0xx_hal_adc.o
    0x08001058   0x000000b0   Code   RO         2660    i.HAL_ADC_MspInit   stm32f0xx_hal_msp.o
    0x08001108   0x000000c0   Code   RO         2311    i.HAL_ADC_Start_DMA  stm32f0xx_hal_adc.o
    0x080011c8   0x000000f0   Code   RO         1808    i.HAL_DMA_IRQHandler  stm32f0xx_hal_dma.o
    0x080012b8   0x00000064   Code   RO         1809    i.HAL_DMA_Init      stm32f0xx_hal_dma.o
    0x0800131c   0x0000009a   Code   RO         1813    i.HAL_DMA_Start_IT  stm32f0xx_hal_dma.o
    0x080013b6   0x00000020   Code   RO         1902    i.HAL_Delay         stm32f0xx_hal.o
    0x080013d6   0x00000002   Code   RO         2073    i.HAL_GPIO_EXTI_Callback  stm32f0xx_hal_gpio.o
    0x080013d8   0x00000020   Code   RO         2074    i.HAL_GPIO_EXTI_IRQHandler  stm32f0xx_hal_gpio.o
    0x080013f8   0x000001f0   Code   RO         2075    i.HAL_GPIO_Init     stm32f0xx_hal_gpio.o
    0x080015e8   0x00000012   Code   RO         2077    i.HAL_GPIO_ReadPin  stm32f0xx_hal_gpio.o
    0x080015fa   0x0000000c   Code   RO         2079    i.HAL_GPIO_WritePin  stm32f0xx_hal_gpio.o
    0x08001606   0x00000002   PAD
    0x08001608   0x0000000c   Code   RO         1906    i.HAL_GetTick       stm32f0xx_hal.o
    0x08001614   0x00000010   Code   RO         1910    i.HAL_IncTick       stm32f0xx_hal.o
    0x08001624   0x00000020   Code   RO         1911    i.HAL_Init          stm32f0xx_hal.o
    0x08001644   0x00000026   Code   RO         1912    i.HAL_InitTick      stm32f0xx_hal.o
    0x0800166a   0x00000002   PAD
    0x0800166c   0x00000044   Code   RO         2661    i.HAL_MspInit       stm32f0xx_hal_msp.o
    0x080016b0   0x00000018   Code   RO          199    i.HAL_NVIC_EnableIRQ  stm32f0xx_hal_cortex.o
    0x080016c8   0x00000012   Code   RO          203    i.HAL_NVIC_SetPriority  stm32f0xx_hal_cortex.o
    0x080016da   0x00000002   PAD
    0x080016dc   0x00000194   Code   RO           13    i.HAL_RCC_ClockConfig  stm32f0xx_hal_rcc.o
    0x08001870   0x0000000c   Code   RO           18    i.HAL_RCC_GetHCLKFreq  stm32f0xx_hal_rcc.o
    0x0800187c   0x000000c4   Code   RO           21    i.HAL_RCC_GetSysClockFreq  stm32f0xx_hal_rcc.o
    0x08001940   0x0000054c   Code   RO           24    i.HAL_RCC_OscConfig  stm32f0xx_hal_rcc.o
    0x08001e8c   0x00000024   Code   RO          205    i.HAL_SYSTICK_CLKSourceConfig  stm32f0xx_hal_cortex.o
    0x08001eb0   0x00000008   Code   RO          206    i.HAL_SYSTICK_Callback  stm32f0xx_hal_cortex.o
    0x08001eb8   0x00000038   Code   RO          207    i.HAL_SYSTICK_Config  stm32f0xx_hal_cortex.o
    0x08001ef0   0x00000008   Code   RO          208    i.HAL_SYSTICK_IRQHandler  stm32f0xx_hal_cortex.o
    0x08001ef8   0x00000002   Code   RO          291    i.HAL_TIMEx_BreakCallback  stm32f0xx_hal_tim_ex.o
    0x08001efa   0x00000002   Code   RO          292    i.HAL_TIMEx_CommutationCallback  stm32f0xx_hal_tim_ex.o
    0x08001efc   0x000000a6   Code   RO          293    i.HAL_TIMEx_ConfigBreakDeadTime  stm32f0xx_hal_tim_ex.o
    0x08001fa2   0x00000062   Code   RO          308    i.HAL_TIMEx_MasterConfigSynchronization  stm32f0xx_hal_tim_ex.o
    0x08002004   0x00000002   Code   RO          997    i.HAL_TIM_IC_CaptureCallback  stm32f0xx_hal_tim.o
    0x08002006   0x000000e2   Code   RO          998    i.HAL_TIM_IC_ConfigChannel  stm32f0xx_hal_tim.o
    0x080020e8   0x00000038   Code   RO         1001    i.HAL_TIM_IC_Init   stm32f0xx_hal_tim.o
    0x08002120   0x00000054   Code   RO         2663    i.HAL_TIM_IC_MspInit  stm32f0xx_hal_msp.o
    0x08002174   0x000001c8   Code   RO         1010    i.HAL_TIM_IRQHandler  stm32f0xx_hal_tim.o
    0x0800233c   0x00000064   Code   RO         2664    i.HAL_TIM_MspPostInit  stm32f0xx_hal_msp.o
    0x080023a0   0x00000002   Code   RO         1013    i.HAL_TIM_OC_DelayElapsedCallback  stm32f0xx_hal_tim.o
    0x080023a2   0x00000112   Code   RO         1034    i.HAL_TIM_PWM_ConfigChannel  stm32f0xx_hal_tim.o
    0x080024b4   0x00000038   Code   RO         1037    i.HAL_TIM_PWM_Init  stm32f0xx_hal_tim.o
    0x080024ec   0x00000044   Code   RO         2666    i.HAL_TIM_PWM_MspInit  stm32f0xx_hal_msp.o
    0x08002530   0x00000002   Code   RO         1040    i.HAL_TIM_PWM_PulseFinishedCallback  stm32f0xx_hal_tim.o
    0x08002532   0x00000002   PAD
    0x08002534   0x00000068   Code   RO         1041    i.HAL_TIM_PWM_Start  stm32f0xx_hal_tim.o
    0x0800259c   0x00000002   Code   RO         1047    i.HAL_TIM_PeriodElapsedCallback  stm32f0xx_hal_tim.o
    0x0800259e   0x00000002   Code   RO         1051    i.HAL_TIM_TriggerCallback  stm32f0xx_hal_tim.o
    0x080025a0   0x0000003c   Code   RO         2723    i.HT1621CMD2        ht1602b.o
    0x080025dc   0x00000004   Code   RO         2590    i.HardFault_Handler  stm32f0xx_it.o
    0x080025e0   0x00000050   Code   RO         2724    i.Ht1621WrAllData   ht1602b.o
    0x08002630   0x0000003c   Code   RO         2725    i.Ht1621WrCmd       ht1602b.o
    0x0800266c   0x00000060   Code   RO         2726    i.Ht1621Wr_Data     ht1602b.o
    0x080026cc   0x00000058   Code   RO         2727    i.Ht1621_Init       ht1602b.o
    0x08002724   0x00000002   Code   RO         2970    i.Infrared_Control  control.o
    0x08002726   0x00000002   PAD
    0x08002728   0x000001f8   Code   RO         2824    i.Key_Check         key.o
    0x08002920   0x000003e0   Code   RO         2971    i.Key_Deal          control.o
    0x08002d00   0x000000a0   Code   RO         2778    i.MX_ADC_Init       ntc.o
    0x08002da0   0x00000034   Code   RO         2497    i.MX_DMA_Init       main.o
    0x08002dd4   0x00000194   Code   RO         2498    i.MX_GPIO_Init      main.o
    0x08002f68   0x000000c8   Code   RO         2499    i.MX_TIM1_Init      main.o
    0x08003030   0x000000d0   Code   RO         2500    i.MX_TIM3_Init      main.o
    0x08003100   0x0000001a   Code   RO         2972    i.Machine_Init      control.o
    0x0800311a   0x00000002   Code   RO         2591    i.NMI_Handler       stm32f0xx_it.o
    0x0800311c   0x00000078   Code   RO          209    i.NVIC_SetPriority  stm32f0xx_hal_cortex.o
    0x08003194   0x00000002   Code   RO         2592    i.PendSV_Handler    stm32f0xx_it.o
    0x08003196   0x00000002   Code   RO         2593    i.SVC_Handler       stm32f0xx_it.o
    0x08003198   0x0000000c   Code   RO         2594    i.SysTick_Handler   stm32f0xx_it.o
    0x080031a4   0x00000090   Code   RO         2501    i.SystemClock_Config  main.o
    0x08003234   0x00000074   Code   RO         2465    i.SystemInit        system_stm32f0xx.o
    0x080032a8   0x00000068   Code   RO         2502    i.Systick_Application  main.o
    0x08003310   0x00000010   Code   RO         2595    i.TIM1_BRK_UP_TRG_COM_IRQHandler  stm32f0xx_it.o
    0x08003320   0x000000a0   Code   RO         1052    i.TIM_Base_SetConfig  stm32f0xx_hal_tim.o
    0x080033c0   0x0000001c   Code   RO         1053    i.TIM_CCxChannelCmd  stm32f0xx_hal_tim.o
    0x080033dc   0x000000b4   Code   RO         1061    i.TIM_OC1_SetConfig  stm32f0xx_hal_tim.o
    0x08003490   0x000000c8   Code   RO         1062    i.TIM_OC2_SetConfig  stm32f0xx_hal_tim.o
    0x08003558   0x000000c4   Code   RO         1063    i.TIM_OC3_SetConfig  stm32f0xx_hal_tim.o
    0x0800361c   0x00000088   Code   RO         1064    i.TIM_OC4_SetConfig  stm32f0xx_hal_tim.o
    0x080036a4   0x00000070   Code   RO         1067    i.TIM_TI1_SetConfig  stm32f0xx_hal_tim.o
    0x08003714   0x0000004c   Code   RO         1069    i.TIM_TI2_SetConfig  stm32f0xx_hal_tim.o
    0x08003760   0x0000004a   Code   RO         1070    i.TIM_TI3_SetConfig  stm32f0xx_hal_tim.o
    0x080037aa   0x00000052   Code   RO         1071    i.TIM_TI4_SetConfig  stm32f0xx_hal_tim.o
    0x080037fc   0x000000a8   Code   RO         2779    i.Tempereture_ADC   ntc.o
    0x080038a4   0x0000001a   Code   RO         2974    i.Wind_Control      control.o
    0x080038be   0x00000004   Code   RO         2505    i._Error_Handler    main.o
    0x080038c2   0x0000001c   Code   RO         1609    i.__ARM_common_switch8  stm32f0xx_hal_tim.o
    0x080038de   0x0000000e   Code   RO         3061    i.__scatterload_copy  mc_p.l(handlers.o)
    0x080038ec   0x00000002   Code   RO         3062    i.__scatterload_null  mc_p.l(handlers.o)
    0x080038ee   0x0000000e   Code   RO         3063    i.__scatterload_zeroinit  mc_p.l(handlers.o)
    0x080038fc   0x0000006c   Code   RO         2854    i.disp_Num2         disp_app.o
    0x08003968   0x0000006c   Code   RO         2855    i.disp_Num3         disp_app.o
    0x080039d4   0x000000cc   Code   RO         2857    i.disp_Num_Tm       disp_app.o
    0x08003aa0   0x0000006c   Code   RO         2858    i.disp_clr_Num2     disp_app.o
    0x08003b0c   0x0000006c   Code   RO         2859    i.disp_clr_Num3     disp_app.o
    0x08003b78   0x00000044   Code   RO         2862    i.disp_seg          disp_app.o
    0x08003bbc   0x000000ac   Code   RO         2506    i.main              main.o
    0x08003c68   0x00000018   Data   RO         2466    .constdata          system_stm32f0xx.o
    0x08003c80   0x00000094   Data   RO         2781    .constdata          ntc.o
    0x08003d14   0x00000020   Data   RO         3059    Region$$Table       anon$$obj.o


    Execution Region RW_IRAM1 (Base: 0x20000000, Size: 0x00000750, Max: 0x00002000, ABSOLUTE, COMPRESSED[0x000000d4])

    Base Addr    Size         Type   Attr      Idx    E Section Name        Object

    0x20000000   0x00000004   Data   RW         1917    .data               stm32f0xx_hal.o
    0x20000004   0x00000004   Data   RW         2467    .data               system_stm32f0xx.o
    0x20000008   0x00000032   Data   RW         2508    .data               main.o
    0x2000003a   0x0000000f   Data   RW         2782    .data               ntc.o
    0x20000049   0x00000006   Data   RW         2825    .data               key.o
    0x2000004f   0x00000001   PAD
    0x20000050   0x000001c1   Data   RW         2865    .data               disp_app.o
    0x20000211   0x00000001   PAD
    0x20000212   0x00000018   Data   RW         2975    .data               control.o
    0x2000022a   0x00000002   PAD
    0x2000022c   0x00000080   Zero   RW         2507    .bss                main.o
    0x200002ac   0x00000090   Zero   RW         2780    .bss                ntc.o
    0x2000033c   0x00000010   Zero   RW         2864    .bss                disp_app.o
    0x2000034c   0x00000004   PAD
    0x20000350   0x00000400   Zero   RW            1    STACK               startup_stm32f030x8.o


==============================================================================

Image component sizes


      Code (inc. data)   RO Data    RW Data    ZI Data      Debug   Object Name

      2460        162          0         24          0       6554   control.o
      1368         80          0        449         16       7380   disp_app.o
       398         26          0          0          0       3193   ht1602b.o
       504         38          0          6          0       1104   key.o
      1288        146          0         50        128       5129   main.o
       452         72        148         15        144       2807   ntc.o
        28          8        180          0       1024        612   startup_stm32f030x8.o
       130         14          0          4          0       3479   stm32f0xx_hal.o
      1428         56          0          0          0       7057   stm32f0xx_hal_adc.o
       270         30          0          0          0      10395   stm32f0xx_hal_cortex.o
       568         10          0          0          0       3751   stm32f0xx_hal_dma.o
       560         32          0          0          0       3819   stm32f0xx_hal_gpio.o
       496         86          0          0          0       3216   stm32f0xx_hal_msp.o
      1968         90          0          0          0     256750   stm32f0xx_hal_rcc.o
      2454        124          0          0          0      14395   stm32f0xx_hal_tim.o
       268          0          0          0          0       2918   stm32f0xx_hal_tim_ex.o
       258         50          0          0          0       3826   stm32f0xx_it.o
       116         12         24          4          0       1083   system_stm32f0xx.o

    ----------------------------------------------------------------------
     15028       1036        384        556       1316     337468   Object Totals
         0          0         32          0          0          0   (incl. Generated)
        14          0          0          4          4          0   (incl. Padding)

    ----------------------------------------------------------------------

      Code (inc. data)   RO Data    RW Data    ZI Data      Debug   Library Member Name

        86          0          0          0          0          0   __dczerorl2.o
         0          0          0          0          0          0   entry.o
         0          0          0          0          0          0   entry10a.o
         0          0          0          0          0          0   entry11a.o
         8          4          0          0          0          0   entry2.o
         4          0          0          0          0          0   entry5.o
         0          0          0          0          0          0   entry7b.o
         0          0          0          0          0          0   entry8b.o
         8          4          0          0          0          0   entry9a.o
        30          0          0          0          0          0   handlers.o
        40          0          0          0          0         72   idiv.o
        36          8          0          0          0         68   init.o
        44          0          0          0          0         72   uidiv.o

    ----------------------------------------------------------------------
       256         16          0          0          0        212   Library Totals
         0          0          0          0          0          0   (incl. Padding)

    ----------------------------------------------------------------------

      Code (inc. data)   RO Data    RW Data    ZI Data      Debug   Library Name

       256         16          0          0          0        212   mc_p.l

    ----------------------------------------------------------------------
       256         16          0          0          0        212   Library Totals

    ----------------------------------------------------------------------

==============================================================================


      Code (inc. data)   RO Data    RW Data    ZI Data      Debug   

     15284       1052        384        556       1316     332976   Grand Totals
     15284       1052        384        212       1316     332976   ELF Image Totals (compressed)
     15284       1052        384        212          0          0   ROM Totals

==============================================================================

    Total RO  Size (Code + RO Data)                15668 (  15.30kB)
    Total RW  Size (RW Data + ZI Data)              1872 (   1.83kB)
    Total ROM Size (Code + RO Data + RW Data)      15880 (  15.51kB)

==============================================================================

